Archive member included to satisfy reference by file (symbol)

D:/Dekstop_B/6thsem/Embedded/STM32CubeIDE/plugins/com.st.stm32cube.ide.mcu.externaltools.gnu-tools-for-stm32.13.3.rel1.win32_1.0.0.202411081344/tools/bin/../lib/gcc/arm-none-eabi/13.3.1/../../../../arm-none-eabi/lib/thumb/v7e-m+fp/hard\libc_nano.a(libc_a-exit.o)
                              D:/Dekstop_B/6thsem/Embedded/STM32CubeIDE/plugins/com.st.stm32cube.ide.mcu.externaltools.gnu-tools-for-stm32.13.3.rel1.win32_1.0.0.202411081344/tools/bin/../lib/gcc/arm-none-eabi/13.3.1/../../../../arm-none-eabi/lib/thumb/v7e-m+fp/hard/crt0.o (exit)
D:/Dekstop_B/6thsem/Embedded/STM32CubeIDE/plugins/com.st.stm32cube.ide.mcu.externaltools.gnu-tools-for-stm32.13.3.rel1.win32_1.0.0.202411081344/tools/bin/../lib/gcc/arm-none-eabi/13.3.1/../../../../arm-none-eabi/lib/thumb/v7e-m+fp/hard\libc_nano.a(libc_a-findfp.o)
                              D:/Dekstop_B/6thsem/Embedded/STM32CubeIDE/plugins/com.st.stm32cube.ide.mcu.externaltools.gnu-tools-for-stm32.13.3.rel1.win32_1.0.0.202411081344/tools/bin/../lib/gcc/arm-none-eabi/13.3.1/../../../../arm-none-eabi/lib/thumb/v7e-m+fp/hard\libc_nano.a(libc_a-exit.o) (__stdio_exit_handler)
D:/Dekstop_B/6thsem/Embedded/STM32CubeIDE/plugins/com.st.stm32cube.ide.mcu.externaltools.gnu-tools-for-stm32.13.3.rel1.win32_1.0.0.202411081344/tools/bin/../lib/gcc/arm-none-eabi/13.3.1/../../../../arm-none-eabi/lib/thumb/v7e-m+fp/hard\libc_nano.a(libc_a-fwalk.o)
                              D:/Dekstop_B/6thsem/Embedded/STM32CubeIDE/plugins/com.st.stm32cube.ide.mcu.externaltools.gnu-tools-for-stm32.13.3.rel1.win32_1.0.0.202411081344/tools/bin/../lib/gcc/arm-none-eabi/13.3.1/../../../../arm-none-eabi/lib/thumb/v7e-m+fp/hard\libc_nano.a(libc_a-findfp.o) (_fwalk_sglue)
D:/Dekstop_B/6thsem/Embedded/STM32CubeIDE/plugins/com.st.stm32cube.ide.mcu.externaltools.gnu-tools-for-stm32.13.3.rel1.win32_1.0.0.202411081344/tools/bin/../lib/gcc/arm-none-eabi/13.3.1/../../../../arm-none-eabi/lib/thumb/v7e-m+fp/hard\libc_nano.a(libc_a-sprintf.o)
                              ./Core/Src/main.o (sprintf)
D:/Dekstop_B/6thsem/Embedded/STM32CubeIDE/plugins/com.st.stm32cube.ide.mcu.externaltools.gnu-tools-for-stm32.13.3.rel1.win32_1.0.0.202411081344/tools/bin/../lib/gcc/arm-none-eabi/13.3.1/../../../../arm-none-eabi/lib/thumb/v7e-m+fp/hard\libc_nano.a(libc_a-stdio.o)
                              D:/Dekstop_B/6thsem/Embedded/STM32CubeIDE/plugins/com.st.stm32cube.ide.mcu.externaltools.gnu-tools-for-stm32.13.3.rel1.win32_1.0.0.202411081344/tools/bin/../lib/gcc/arm-none-eabi/13.3.1/../../../../arm-none-eabi/lib/thumb/v7e-m+fp/hard\libc_nano.a(libc_a-findfp.o) (__sread)
D:/Dekstop_B/6thsem/Embedded/STM32CubeIDE/plugins/com.st.stm32cube.ide.mcu.externaltools.gnu-tools-for-stm32.13.3.rel1.win32_1.0.0.202411081344/tools/bin/../lib/gcc/arm-none-eabi/13.3.1/../../../../arm-none-eabi/lib/thumb/v7e-m+fp/hard\libc_nano.a(libc_a-vsprintf.o)
                              ./Core/Src/lcd16x2_i2c.o (vsprintf)
D:/Dekstop_B/6thsem/Embedded/STM32CubeIDE/plugins/com.st.stm32cube.ide.mcu.externaltools.gnu-tools-for-stm32.13.3.rel1.win32_1.0.0.202411081344/tools/bin/../lib/gcc/arm-none-eabi/13.3.1/../../../../arm-none-eabi/lib/thumb/v7e-m+fp/hard\libc_nano.a(libc_a-memset.o)
                              D:/Dekstop_B/6thsem/Embedded/STM32CubeIDE/plugins/com.st.stm32cube.ide.mcu.externaltools.gnu-tools-for-stm32.13.3.rel1.win32_1.0.0.202411081344/tools/bin/../lib/gcc/arm-none-eabi/13.3.1/../../../../arm-none-eabi/lib/thumb/v7e-m+fp/hard/crt0.o (memset)
D:/Dekstop_B/6thsem/Embedded/STM32CubeIDE/plugins/com.st.stm32cube.ide.mcu.externaltools.gnu-tools-for-stm32.13.3.rel1.win32_1.0.0.202411081344/tools/bin/../lib/gcc/arm-none-eabi/13.3.1/../../../../arm-none-eabi/lib/thumb/v7e-m+fp/hard\libc_nano.a(libc_a-closer.o)
                              D:/Dekstop_B/6thsem/Embedded/STM32CubeIDE/plugins/com.st.stm32cube.ide.mcu.externaltools.gnu-tools-for-stm32.13.3.rel1.win32_1.0.0.202411081344/tools/bin/../lib/gcc/arm-none-eabi/13.3.1/../../../../arm-none-eabi/lib/thumb/v7e-m+fp/hard\libc_nano.a(libc_a-stdio.o) (_close_r)
D:/Dekstop_B/6thsem/Embedded/STM32CubeIDE/plugins/com.st.stm32cube.ide.mcu.externaltools.gnu-tools-for-stm32.13.3.rel1.win32_1.0.0.202411081344/tools/bin/../lib/gcc/arm-none-eabi/13.3.1/../../../../arm-none-eabi/lib/thumb/v7e-m+fp/hard\libc_nano.a(libc_a-reent.o)
                              D:/Dekstop_B/6thsem/Embedded/STM32CubeIDE/plugins/com.st.stm32cube.ide.mcu.externaltools.gnu-tools-for-stm32.13.3.rel1.win32_1.0.0.202411081344/tools/bin/../lib/gcc/arm-none-eabi/13.3.1/../../../../arm-none-eabi/lib/thumb/v7e-m+fp/hard\libc_nano.a(libc_a-closer.o) (errno)
D:/Dekstop_B/6thsem/Embedded/STM32CubeIDE/plugins/com.st.stm32cube.ide.mcu.externaltools.gnu-tools-for-stm32.13.3.rel1.win32_1.0.0.202411081344/tools/bin/../lib/gcc/arm-none-eabi/13.3.1/../../../../arm-none-eabi/lib/thumb/v7e-m+fp/hard\libc_nano.a(libc_a-impure.o)
[...]
Memory Configuration

Name             Origin             Length             Attributes
CCMRAM           0x10000000         0x00010000         xrw
RAM              0x20000000         0x00030000         xrw
FLASH            0x08000000         0x00200000         xr
*default*        0x00000000         0xffffffff

Linker script and memory map

LOAD D:/Dekstop_B/6thsem/Embedded/STM32CubeIDE/plugins/com.st.stm32cube.ide.mcu.externaltools.gnu-tools-for-stm32.13.3.rel1.win32_1.0.0.202411081344/tools/bin/../lib/gcc/arm-none-eabi/13.3.1/thumb/v7e-m+fp/hard/crti.o
LOAD D:/Dekstop_B/6thsem/Embedded/STM32CubeIDE/plugins/com.st.stm32cube.ide.mcu.externaltools.gnu-tools-for-stm32.13.3.rel1.win32_1.0.0.202411081344/tools/bin/../lib/gcc/arm-none-eabi/13.3.1/thumb/v7e-m+fp/hard/crtbegin.o
LOAD D:/Dekstop_B/6thsem/Embedded/STM32CubeIDE/plugins/com.st.stm32cube.ide.mcu.externaltools.gnu-tools-for-stm32.13.3.rel1.win32_1.0.0.202411081344/tools/bin/../lib/gcc/arm-none-eabi/13.3.1/../../../../arm-none-eabi/lib/thumb/v7e-m+fp/hard/crt0.o
LOAD ./Core/Src/NRF24.o
LOAD ./Core/Src/gpio.o
LOAD ./Core/Src/i2c.o
LOAD ./Core/Src/lcd16x2_i2c.o
LOAD ./Core/Src/main.o
LOAD ./Core/Src/spi.o
LOAD ./Core/Src/stm32f4xx_hal_msp.o
LOAD ./Core/Src/stm32f4xx_it.o
LOAD ./Core/Src/syscalls.o
LOAD ./Core/Src/sysmem.o
LOAD ./Core/Src/system_stm32f4xx.o
LOAD ./Core/Src/tim.o
LOAD ./Core/Src/usart.o
LOAD ./Core/Startup/startup_stm32f439zitx.o
LOAD ./Drivers/STM32F4xx_HAL_Driver/Src/stm32f4xx_hal.o
LOAD ./Drivers/STM32F4xx_HAL_Driver/Src/stm32f4xx_hal_cortex.o
LOAD ./Drivers/STM32F4xx_HAL_Driver/Src/stm32f4xx_hal_dma.o
LOAD ./Drivers/STM32F4xx_HAL_Driver/Src/stm32f4xx_hal_dma_ex.o
LOAD ./Drivers/STM32F4xx_HAL_Driver/Src/stm32f4xx_hal_exti.o
LOAD ./Drivers/STM32F4xx_HAL_Driver/Src/stm32f4xx_hal_flash.o
LOAD ./Drivers/STM32F4xx_HAL_Driver/Src/stm32f4xx_hal_flash_ex.o
LOAD ./Drivers/STM32F4xx_HAL_Driver/Src/stm32f4xx_hal_flash_ramfunc.o
LOAD ./Drivers/STM32F4xx_HAL_Driver/Src/stm32f4xx_hal_gpio.o
LOAD ./Drivers/STM32F4xx_HAL_Driver/Src/stm32f4xx_hal_i2c.o
LOAD ./Drivers/STM32F4xx_HAL_Driver/Src/stm32f4xx_hal_i2c_ex.o
LOAD ./Drivers/STM32F4xx_HAL_Driver/Src/stm32f4xx_hal_pwr.o
LOAD ./Drivers/STM32F4xx_HAL_Driver/Src/stm32f4xx_hal_pwr_ex.o
LOAD ./Drivers/STM32F4xx_HAL_Driver/Src/stm32f4xx_hal_rcc.o
LOAD ./Drivers/STM32F4xx_HAL_Driver/Src/stm32f4xx_hal_rcc_ex.o
LOAD ./Drivers/STM32F4xx_HAL_Driver/Src/stm32f4xx_hal_spi.o
LOAD ./Drivers/STM32F4xx_HAL_Driver/Src/stm32f4xx_hal_tim.o
LOAD ./Drivers/STM32F4xx_HAL_Driver/Src/stm32f4xx_hal_tim_ex.o
LOAD ./Drivers/STM32F4xx_HAL_Driver/Src/stm32f4xx_hal_uart.o
START GROUP
LOAD D:/Dekstop_B/6thsem/Embedded/STM32CubeIDE/plugins/com.st.stm32cube.ide.mcu.externaltools.gnu-tools-for-stm32.13.3.rel1.win32_1.0.0.202411081344/tools/bin/../lib/gcc/arm-none-eabi/13.3.1/../../../../arm-none-eabi/lib/thumb/v7e-m+fp/hard\libc_nano.a
LOAD D:/Dekstop_B/6thsem/Embedded/STM32CubeIDE/plugins/com.st.stm32cube.ide.mcu.externaltools.gnu-tools-for-stm32.13.3.rel1.win32_1.0.0.202411081344/tools/bin/../lib/gcc/arm-none-eabi/13.3.1/../../../../arm-none-eabi/lib/thumb/v7e-m+fp/hard\libm.a
END GROUP
START GROUP
LOAD D:/Dekstop_B/6thsem/Embedded/STM32CubeIDE/plugins/com.st.stm32cube.ide.mcu.externaltools.gnu-tools-for-stm32.13.3.rel1.win32_1.0.0.202411081344/tools/bin/../lib/gcc/arm-none-eabi/13.3.1/thumb/v7e-m+fp/hard\libgcc.a
LOAD D:/Dekstop_B/6thsem/Embedded/STM32CubeIDE/plugins/com.st.stm32cube.ide.mcu.externaltools.gnu-tools-for-stm32.13.3.rel1.win32_1.0.0.202411081344/tools/bin/../lib/gcc/arm-none-eabi/13.3.1/../../../../arm-none-eabi/lib/thumb/v7e-m+fp/hard\libc_nano.a
END GROUP
START GROUP
LOAD D:/Dekstop_B/6thsem/Embedded/STM32CubeIDE/plugins/com.st.stm32cube.ide.mcu.externaltools.gnu-tools-for-stm32.13.3.rel1.win32_1.0.0.202411081344/tools/bin/../lib/gcc/arm-none-eabi/13.3.1/thumb/v7e-m+fp/hard\libgcc.a
LOAD D:/Dekstop_B/6thsem/Embedded/STM32CubeIDE/plugins/com.st.stm32cube.ide.mcu.externaltools.gnu-tools-for-stm32.13.3.rel1.win32_1.0.0.202411081344/tools/bin/../lib/gcc/arm-none-eabi/13.3.1/../../../../arm-none-eabi/lib/thumb/v7e-m+fp/hard\libc_nano.a
LOAD D:/Dekstop_B/6thsem/Embedded/STM32CubeIDE/plugins/com.st.stm32cube.ide.mcu.externaltools.gnu-tools-for-stm32.13.3.rel1.win32_1.0.0.202411081344/tools/bin/../lib/gcc/arm-none-eabi/13.3.1/../../../../arm-none-eabi/lib/thumb/v7e-m+fp/hard\libnosys.a
END GROUP
START GROUP
LOAD D:/Dekstop_B/6thsem/Embedded/STM32CubeIDE/plugins/com.st.stm32cube.ide.mcu.externaltools.gnu-tools-for-stm32.13.3.rel1.win32_1.0.0.202411081344/tools/bin/../lib/gcc/arm-none-eabi/13.3.1/thumb/v7e-m+fp/hard\libgcc.a
LOAD D:/Dekstop_B/6thsem/Embedded/STM32CubeIDE/plugins/com.st.stm32cube.ide.mcu.externaltools.gnu-tools-for-stm32.13.3.rel1.win32_1.0.0.202411081344/tools/bin/../lib/gcc/arm-none-eabi/13.3.1/../../../../arm-none-eabi/lib/thumb/v7e-m+fp/hard\libc_nano.a
LOAD D:/Dekstop_B/6thsem/Embedded/STM32CubeIDE/plugins/com.st.stm32cube.ide.mcu.externaltools.gnu-tools-for-stm32.13.3.rel1.win32_1.0.0.202411081344/tools/bin/../lib/gcc/arm-none-eabi/13.3.1/../../../../arm-none-eabi/lib/thumb/v7e-m+fp/hard\libnosys.a
END GROUP
LOAD D:/Dekstop_B/6thsem/Embedded/STM32CubeIDE/plugins/com.st.stm32cube.ide.mcu.externaltools.gnu-tools-for-stm32.13.3.rel1.win32_1.0.0.202411081344/tools/bin/../lib/gcc/arm-none-eabi/13.3.1/thumb/v7e-m+fp/hard/crtend.o
LOAD D:/Dekstop_B/6thsem/Embedded/STM32CubeIDE/plugins/com.st.stm32cube.ide.mcu.externaltools.gnu-tools-for-stm32.13.3.rel1.win32_1.0.0.202411081344/tools/bin/../lib/gcc/arm-none-eabi/13.3.1/thumb/v7e-m+fp/hard/crtn.o
                0x20030000                        _estack = (ORIGIN (RAM) + LENGTH (RAM))
                0x00000200                        _Min_Heap_Size = 0x200
                0x00000400                        _Min_Stack_Size = 0x400

.isr_vector     0x08000000      0x1ac
                0x08000000                        . = ALIGN (0x4)
 *(.isr_vector)
 .isr_vector    0x08000000      0x1ac ./Core/Startup/startup_stm32f439zitx.o
                0x08000000                g_pfnVectors
                0x080001ac                        . = ALIGN (0x4)

.text           0x080001b0     0x4ccc
                0x080001b0                        . = ALIGN (0x4)
 *(.text)
 .text          0x080001b0       0x40 D:/Dekstop_B/6thsem/Embedded/STM32CubeIDE/plugins/com.st.stm32cube.ide.mcu.externaltools.gnu-tools-for-stm32.13.3.rel1.win32_1.0.0.202411081344/tools/bin/../lib/gcc/arm-none-eabi/13.3.1/thumb/v7e-m+fp/hard/crtbegin.o
 .text          0x080001f0       0x10 D:/Dekstop_B/6thsem/Embedded/STM32CubeIDE/plugins/com.st.stm32cube.ide.mcu.externaltools.gnu-tools-for-stm32.13.3.rel1.win32_1.0.0.202411081344/tools/bin/../lib/gcc/arm-none-eabi/13.3.1/../../../../arm-none-eabi/lib/thumb/v7e-m+fp/hard\libc_nano.a(libc_a-strlen.o)
                0x080001f0                strlen
 .text          0x08000200       0xa0 D:/Dekstop_B/6thsem/Embedded/STM32CubeIDE/plugins/com.st.stm32cube.ide.mcu.externaltools.gnu-tools-for-stm32.13.3.rel1.win32_1.0.0.202411081344/tools/bin/../lib/gcc/arm-none-eabi/13.3.1/../../../../arm-none-eabi/lib/thumb/v7e-m+fp/hard\libc_nano.a(libc_a-memchr.o)
                0x08000200                memchr
 .text          0x080002a0       0x30 D:/Dekstop_B/6thsem/Embedded/STM32CubeIDE/plugins/com.st.stm32cube.ide.mcu.externaltools.gnu-tools-for-stm32.13.3.rel1.win32_1.0.0.202411081344/tools/bin/../lib/gcc/arm-none-eabi/13.3.1/thumb/v7e-m+fp/hard\libgcc.a(_aeabi_uldivmod.o)
                0x080002a0                __aeabi_uldivmod
 .text          0x080002d0      0x2f8 D:/Dekstop_B/6thsem/Embedded/STM32CubeIDE/plugins/com.st.stm32cube.ide.mcu.externaltools.gnu-tools-for-stm32.13.3.rel1.win32_1.0.0.202411081344/tools/bin/../lib/gcc/arm-none-eabi/13.3.1/thumb/v7e-m+fp/hard\libgcc.a(_udivmoddi4.o)
                0x080002d0                __udivmoddi4
 .text          0x080005c8        0x4 D:/Dekstop_B/6thsem/Embedded/STM32CubeIDE/plugins/com.st.stm32cube.ide.mcu.externaltools.gnu-tools-for-stm32.13.3.rel1.win32_1.0.0.202411081344/tools/bin/../lib/gcc/arm-none-eabi/13.3.1/thumb/v7e-m+fp/hard\libgcc.a(_dvmd_tls.o)
                0x080005c8                __aeabi_idiv0
                0x080005c8                __aeabi_ldiv0
 *(.text*)
 .text.csn_high
                0x080005cc       0x18 ./Core/Src/NRF24.o
                0x080005cc                csn_high
 .text.csn_low  0x080005e4       0x18 ./Core/Src/NRF24.o
                0x080005e4                csn_low
 .text.ce_high  0x080005fc       0x18 ./Core/Src/NRF24.o
                0x080005fc                ce_high
 .text.ce_low   0x08000614       0x18 ./Core/Src/NRF24.o
                0x08000614                ce_low
 .text.nrf24_w_reg
                0x0800062c       0x50 ./Core/Src/NRF24.o
                0x0800062c                nrf24_w_reg
 .text.nrf24_r_reg
                0x0800067c       0x50 ./Core/Src/NRF24.o
                0x0800067c                nrf24_r_reg
 .text.nrf24_w_spec_cmd
                0x080006cc       0x24 ./Core/Src/NRF24.o
                0x080006cc                nrf24_w_spec_cmd
 .text.nrf24_pwr_up
                0x080006f0       0x34 ./Core/Src/NRF24.o
                0x080006f0                nrf24_pwr_up
 .text.nrf24_pwr_dwn
                0x08000724       0x34 ./Core/Src/NRF24.o
                0x08000724                nrf24_pwr_dwn
 .text.nrf24_tx_pwr
                0x08000758       0x4e ./Core/Src/NRF24.o
                0x08000758                nrf24_tx_pwr
 .text.nrf24_data_rate
                0x080007a6       0x5c ./Core/Src/NRF24.o
                0x080007a6                nrf24_data_rate
 .text.nrf24_set_channel
                0x08000802       0x1e ./Core/Src/NRF24.o
                0x08000802                nrf24_set_channel
 .text.nrf24_open_tx_pipe
                0x08000820       0x1a ./Core/Src/NRF24.o
                0x08000820                nrf24_open_tx_pipe
 .text.nrf24_set_crc
                0x0800083a       0x5c ./Core/Src/NRF24.o
                0x0800083a                nrf24_set_crc
 .text.nrf24_set_addr_width
                0x08000896       0x26 ./Core/Src/NRF24.o
                0x08000896                nrf24_set_addr_width
 .text.nrf24_flush_tx
                0x080008bc       0x16 ./Core/Src/NRF24.o
                0x080008bc                nrf24_flush_tx
 *fill*         0x080008d2        0x2 
 .text.nrf24_r_status
                0x080008d4       0x38 ./Core/Src/NRF24.o
                0x080008d4                nrf24_r_status
 .text.nrf24_clear_max_rt
                0x0800090c       0x30 ./Core/Src/NRF24.o
                0x0800090c                nrf24_clear_max_rt
 .text.nrf24_dpl
                0x0800093c       0x48 ./Core/Src/NRF24.o
                0x0800093c                nrf24_dpl
 .text.nrf24_auto_ack_all
                0x08000984       0x3c ./Core/Src/NRF24.o
                0x08000984                nrf24_auto_ack_all
 .text.nrf24_en_ack_pld
                0x080009c0       0x48 ./Core/Src/NRF24.o
                0x080009c0                nrf24_en_ack_pld
 .text.nrf24_en_dyn_ack
                0x08000a08       0x48 ./Core/Src/NRF24.o
                0x08000a08                nrf24_en_dyn_ack
 .text.nrf24_auto_retr_delay
                0x08000a50       0x4a ./Core/Src/NRF24.o
                0x08000a50                nrf24_auto_retr_delay
 .text.nrf24_auto_retr_limit
                0x08000a9a       0x40 ./Core/Src/NRF24.o
                0x08000a9a                nrf24_auto_retr_limit
 *fill*         0x08000ada        0x2 
 .text.nrf24_transmit
                0x08000adc       0x74 ./Core/Src/NRF24.o
                0x08000adc                nrf24_transmit
 .text.delay_us
                0x08000b50       0x40 ./Core/Src/NRF24.o
                0x08000b50                delay_us
 .text.MX_GPIO_Init
                0x08000b90       0xe0 ./Core/Src/gpio.o
                0x08000b90                MX_GPIO_Init
 .text.MX_I2C1_Init
                0x08000c70       0x80 ./Core/Src/i2c.o
                0x08000c70                MX_I2C1_Init
 .text.HAL_I2C_MspInit
                0x08000cf0       0x90 ./Core/Src/i2c.o
                0x08000cf0                HAL_I2C_MspInit
 .text.lcd16x2_i2c_sendCommand
                0x08000d80       0x68 ./Core/Src/lcd16x2_i2c.o
 .text.lcd16x2_i2c_sendData
                0x08000de8       0x68 ./Core/Src/lcd16x2_i2c.o
 .text.lcd16x2_i2c_init
                0x08000e50       0xbc ./Core/Src/lcd16x2_i2c.o
                0x08000e50                lcd16x2_i2c_init
 .text.lcd16x2_i2c_setCursor
                0x08000f0c       0x48 ./Core/Src/lcd16x2_i2c.o
                0x08000f0c                lcd16x2_i2c_setCursor
 .text.lcd16x2_i2c_clear
                0x08000f54       0x14 ./Core/Src/lcd16x2_i2c.o
                0x08000f54                lcd16x2_i2c_clear
 .text.lcd16x2_i2c_printf
                0x08000f68       0x5e ./Core/Src/lcd16x2_i2c.o
                0x08000f68                lcd16x2_i2c_printf
 *fill*         0x08000fc6        0x2 
 .text.main     0x08000fc8      0x234 ./Core/Src/main.o
                0x08000fc8                main
 .text.SystemClock_Config
                0x080011fc       0xe0 ./Core/Src/main.o
                0x080011fc                SystemClock_Config
 .text.Error_Handler
                0x080012dc        0xc ./Core/Src/main.o
                0x080012dc                Error_Handler
 .text.MX_SPI1_Init
                0x080012e8       0x6c ./Core/Src/spi.o
                0x080012e8                MX_SPI1_Init
 .text.HAL_SPI_MspInit
                0x08001354       0x90 ./Core/Src/spi.o
                0x08001354                HAL_SPI_MspInit
 .text.HAL_MspInit
                0x080013e4       0x50 ./Core/Src/stm32f4xx_hal_msp.o
                0x080013e4                HAL_MspInit
 .text.NMI_Handler
                0x08001434        0x8 ./Core/Src/stm32f4xx_it.o
                0x08001434                NMI_Handler
 .text.HardFault_Handler
                0x0800143c        0x8 ./Core/Src/stm32f4xx_it.o
                0x0800143c                HardFault_Handler
 .text.MemManage_Handler
                0x08001444        0x8 ./Core/Src/stm32f4xx_it.o
                0x08001444                MemManage_Handler
 .text.BusFault_Handler
                0x0800144c        0x8 ./Core/Src/stm32f4xx_it.o
                0x0800144c                BusFault_Handler
 .text.UsageFault_Handler
                0x08001454        0x8 ./Core/Src/stm32f4xx_it.o
                0x08001454                UsageFault_Handler
 .text.SVC_Handler
                0x0800145c        0xe ./Core/Src/stm32f4xx_it.o
                0x0800145c                SVC_Handler
 .text.DebugMon_Handler
                0x0800146a        0xe ./Core/Src/stm32f4xx_it.o
                0x0800146a                DebugMon_Handler
 .text.PendSV_Handler
                0x08001478        0xe ./Core/Src/stm32f4xx_it.o
                0x08001478                PendSV_Handler
 .text.SysTick_Handler
                0x08001486        0xc ./Core/Src/stm32f4xx_it.o
                0x08001486                SysTick_Handler
 *fill*         0x08001492        0x2 
 .text._sbrk    0x08001494       0x6c ./Core/Src/sysmem.o
                0x08001494                _sbrk
 .text.SystemInit
                0x08001500       0x24 ./Core/Src/system_stm32f4xx.o
                0x08001500                SystemInit
 .text.MX_TIM1_Init
                0x08001524       0xa0 ./Core/Src/tim.o
                0x08001524                MX_TIM1_Init
 .text.HAL_TIM_Base_MspInit
                0x080015c4       0x44 ./Core/Src/tim.o
                0x080015c4                HAL_TIM_Base_MspInit
 .text.Reset_Handler
                0x08001608       0x50 ./Core/Startup/startup_stm32f439zitx.o
                0x08001608                Reset_Handler
 .text.Default_Handler
                0x08001658        0x2 ./Core/Startup/startup_stm32f439zitx.o
                0x08001658                RTC_Alarm_IRQHandler
                0x08001658                HASH_RNG_IRQHandler
                0x08001658                EXTI2_IRQHandler
                0x08001658                TIM8_CC_IRQHandler
                0x08001658                UART8_IRQHandler
                0x08001658                SPI4_IRQHandler
                0x08001658                TIM1_CC_IRQHandler
                0x08001658                DMA2_Stream5_IRQHandler
                0x08001658                DMA1_Stream5_IRQHandler
                0x08001658                PVD_IRQHandler
                0x08001658                SDIO_IRQHandler
                0x08001658                TAMP_STAMP_IRQHandler
                0x08001658                CAN2_RX1_IRQHandler
                0x08001658                EXTI3_IRQHandler
                0x08001658                TIM8_TRG_COM_TIM14_IRQHandler
                0x08001658                TIM1_UP_TIM10_IRQHandler
                0x08001658                TIM8_UP_TIM13_IRQHandler
                0x08001658                I2C3_ER_IRQHandler
                0x08001658                EXTI0_IRQHandler
                0x08001658                I2C2_EV_IRQHandler
                0x08001658                DMA1_Stream2_IRQHandler
                0x08001658                CAN1_RX0_IRQHandler
                0x08001658                FPU_IRQHandler
                0x08001658                OTG_HS_WKUP_IRQHandler
                0x08001658                LTDC_ER_IRQHandler
                0x08001658                CAN2_SCE_IRQHandler
                0x08001658                DMA2_Stream2_IRQHandler
                0x08001658                SPI1_IRQHandler
                0x08001658                TIM6_DAC_IRQHandler
                0x08001658                TIM1_BRK_TIM9_IRQHandler
                0x08001658                DCMI_IRQHandler
                0x08001658                CAN2_RX0_IRQHandler
                0x08001658                DMA2_Stream3_IRQHandler
                0x08001658                USART6_IRQHandler
                0x08001658                USART3_IRQHandler
                0x08001658                CRYP_IRQHandler
                0x08001658                CAN1_RX1_IRQHandler
                0x08001658                UART5_IRQHandler
                0x08001658                DMA2_Stream0_IRQHandler
                0x08001658                TIM4_IRQHandler
                0x08001658                I2C1_EV_IRQHandler
                0x08001658                DMA1_Stream6_IRQHandler
                0x08001658                DMA1_Stream1_IRQHandler
                0x08001658                UART4_IRQHandler
                0x08001658                TIM3_IRQHandler
                0x08001658                RCC_IRQHandler
                0x08001658                TIM8_BRK_TIM12_IRQHandler
                0x08001658                Default_Handler
                0x08001658                EXTI15_10_IRQHandler
                0x08001658                ADC_IRQHandler
                0x08001658                DMA1_Stream7_IRQHandler
                0x08001658                SPI5_IRQHandler
                0x08001658                TIM7_IRQHandler
                0x08001658                CAN2_TX_IRQHandler
                0x08001658                TIM5_IRQHandler
                0x08001658                DMA2_Stream7_IRQHandler
                0x08001658                I2C3_EV_IRQHandler
                0x08001658                EXTI9_5_IRQHandler
                0x08001658                RTC_WKUP_IRQHandler
                0x08001658                LTDC_IRQHandler
                0x08001658                ETH_WKUP_IRQHandler
                0x08001658                SPI2_IRQHandler
                0x08001658                OTG_HS_EP1_IN_IRQHandler
                0x08001658                DMA1_Stream0_IRQHandler
                0x08001658                CAN1_TX_IRQHandler
                0x08001658                EXTI4_IRQHandler
                0x08001658                ETH_IRQHandler
                0x08001658                OTG_HS_EP1_OUT_IRQHandler
                0x08001658                WWDG_IRQHandler
                0x08001658                SPI6_IRQHandler
                0x08001658                TIM2_IRQHandler
                0x08001658                OTG_FS_WKUP_IRQHandler
                0x08001658                TIM1_TRG_COM_TIM11_IRQHandler
                0x08001658                OTG_HS_IRQHandler
                0x08001658                DMA2D_IRQHandler
                0x08001658                EXTI1_IRQHandler
                0x08001658                UART7_IRQHandler
                0x08001658                USART2_IRQHandler
                0x08001658                I2C2_ER_IRQHandler
                0x08001658                DMA2_Stream1_IRQHandler
                0x08001658                CAN1_SCE_IRQHandler
                0x08001658                FLASH_IRQHandler
                0x08001658                DMA2_Stream4_IRQHandler
                0x08001658                USART1_IRQHandler
                0x08001658                OTG_FS_IRQHandler
                0x08001658                SPI3_IRQHandler
                0x08001658                DMA1_Stream4_IRQHandler
                0x08001658                I2C1_ER_IRQHandler
                0x08001658                FMC_IRQHandler
                0x08001658                DMA2_Stream6_IRQHandler
                0x08001658                SAI1_IRQHandler
                0x08001658                DMA1_Stream3_IRQHandler
 *fill*         0x0800165a        0x2 
 .text.HAL_Init
                0x0800165c       0x44 ./Drivers/STM32F4xx_HAL_Driver/Src/stm32f4xx_hal.o
                0x0800165c                HAL_Init
 .text.HAL_InitTick
                0x080016a0       0x60 ./Drivers/STM32F4xx_HAL_Driver/Src/stm32f4xx_hal.o
                0x080016a0                HAL_InitTick
 .text.HAL_IncTick
                0x08001700       0x28 ./Drivers/STM32F4xx_HAL_Driver/Src/stm32f4xx_hal.o
                0x08001700                HAL_IncTick
 .text.HAL_GetTick
                0x08001728       0x18 ./Drivers/STM32F4xx_HAL_Driver/Src/stm32f4xx_hal.o
                0x08001728                HAL_GetTick
 .text.HAL_Delay
                0x08001740       0x48 ./Drivers/STM32F4xx_HAL_Driver/Src/stm32f4xx_hal.o
                0x08001740                HAL_Delay
 .text.__NVIC_SetPriorityGrouping
                0x08001788       0x48 ./Drivers/STM32F4xx_HAL_Driver/Src/stm32f4xx_hal_cortex.o
 .text.__NVIC_GetPriorityGrouping
                0x080017d0       0x1c ./Drivers/STM32F4xx_HAL_Driver/Src/stm32f4xx_hal_cortex.o
 .text.__NVIC_SetPriority
                0x080017ec       0x54 ./Drivers/STM32F4xx_HAL_Driver/Src/stm32f4xx_hal_cortex.o
 .text.NVIC_EncodePriority
                0x08001840       0x66 ./Drivers/STM32F4xx_HAL_Driver/Src/stm32f4xx_hal_cortex.o
 *fill*         0x080018a6        0x2 
 .text.SysTick_Config
                0x080018a8       0x44 ./Drivers/STM32F4xx_HAL_Driver/Src/stm32f4xx_hal_cortex.o
 .text.HAL_NVIC_SetPriorityGrouping
                0x080018ec       0x16 ./Drivers/STM32F4xx_HAL_Driver/Src/stm32f4xx_hal_cortex.o
                0x080018ec                HAL_NVIC_SetPriorityGrouping
 .text.HAL_NVIC_SetPriority
                0x08001902       0x38 ./Drivers/STM32F4xx_HAL_Driver/Src/stm32f4xx_hal_cortex.o
                0x08001902                HAL_NVIC_SetPriority
 .text.HAL_SYSTICK_Config
                0x0800193a       0x18 ./Drivers/STM32F4xx_HAL_Driver/Src/stm32f4xx_hal_cortex.o
                0x0800193a                HAL_SYSTICK_Config
 *fill*         0x08001952        0x2 
 .text.HAL_GPIO_Init
                0x08001954      0x358 ./Drivers/STM32F4xx_HAL_Driver/Src/stm32f4xx_hal_gpio.o
                0x08001954                HAL_GPIO_Init
 .text.HAL_GPIO_WritePin
                0x08001cac       0x32 ./Drivers/STM32F4xx_HAL_Driver/Src/stm32f4xx_hal_gpio.o
                0x08001cac                HAL_GPIO_WritePin
 .text.HAL_GPIO_TogglePin
                0x08001cde       0x34 ./Drivers/STM32F4xx_HAL_Driver/Src/stm32f4xx_hal_gpio.o
                0x08001cde                HAL_GPIO_TogglePin
 *fill*         0x08001d12        0x2 
 .text.HAL_I2C_Init
                0x08001d14      0x288 ./Drivers/STM32F4xx_HAL_Driver/Src/stm32f4xx_hal_i2c.o
                0x08001d14                HAL_I2C_Init
 .text.HAL_I2C_Master_Transmit
                0x08001f9c      0x1fc ./Drivers/STM32F4xx_HAL_Driver/Src/stm32f4xx_hal_i2c.o
                0x08001f9c                HAL_I2C_Master_Transmit
 .text.HAL_I2C_IsDeviceReady
                0x08002198      0x25c ./Drivers/STM32F4xx_HAL_Driver/Src/stm32f4xx_hal_i2c.o
                0x08002198                HAL_I2C_IsDeviceReady
 .text.I2C_MasterRequestWrite
                0x080023f4      0x104 ./Drivers/STM32F4xx_HAL_Driver/Src/stm32f4xx_hal_i2c.o
 .text.I2C_WaitOnFlagUntilTimeout
                0x080024f8       0xf4 ./Drivers/STM32F4xx_HAL_Driver/Src/stm32f4xx_hal_i2c.o
 .text.I2C_WaitOnMasterAddressFlagUntilTimeout
                0x080025ec      0x140 ./Drivers/STM32F4xx_HAL_Driver/Src/stm32f4xx_hal_i2c.o
 .text.I2C_WaitOnTXEFlagUntilTimeout
                0x0800272c       0x90 ./Drivers/STM32F4xx_HAL_Driver/Src/stm32f4xx_hal_i2c.o
 .text.I2C_WaitOnBTFFlagUntilTimeout
                0x080027bc       0x90 ./Drivers/STM32F4xx_HAL_Driver/Src/stm32f4xx_hal_i2c.o
 .text.I2C_IsAcknowledgeFailed
                0x0800284c       0x5e ./Drivers/STM32F4xx_HAL_Driver/Src/stm32f4xx_hal_i2c.o
 .text.HAL_I2CEx_ConfigAnalogFilter
                0x080028aa       0x78 ./Drivers/STM32F4xx_HAL_Driver/Src/stm32f4xx_hal_i2c_ex.o
                0x080028aa                HAL_I2CEx_ConfigAnalogFilter
 .text.HAL_I2CEx_ConfigDigitalFilter
                0x08002922       0x7e ./Drivers/STM32F4xx_HAL_Driver/Src/stm32f4xx_hal_i2c_ex.o
                0x08002922                HAL_I2CEx_ConfigDigitalFilter
 .text.HAL_PWREx_EnableOverDrive
                0x080029a0       0xa0 ./Drivers/STM32F4xx_HAL_Driver/Src/stm32f4xx_hal_pwr_ex.o
                0x080029a0                HAL_PWREx_EnableOverDrive
 .text.HAL_RCC_OscConfig
                0x08002a40      0x4f0 ./Drivers/STM32F4xx_HAL_Driver/Src/stm32f4xx_hal_rcc.o
                0x08002a40                HAL_RCC_OscConfig
 .text.HAL_RCC_ClockConfig
                0x08002f30      0x1cc ./Drivers/STM32F4xx_HAL_Driver/Src/stm32f4xx_hal_rcc.o
                0x08002f30                HAL_RCC_ClockConfig
 .text.HAL_RCC_GetSysClockFreq
                0x080030fc      0x18c ./Drivers/STM32F4xx_HAL_Driver/Src/stm32f4xx_hal_rcc.o
                0x080030fc                HAL_RCC_GetSysClockFreq
 .text.HAL_RCC_GetHCLKFreq
                0x08003288       0x18 ./Drivers/STM32F4xx_HAL_Driver/Src/stm32f4xx_hal_rcc.o
                0x08003288                HAL_RCC_GetHCLKFreq
 .text.HAL_RCC_GetPCLK1Freq
                0x080032a0       0x28 ./Drivers/STM32F4xx_HAL_Driver/Src/stm32f4xx_hal_rcc.o
                0x080032a0                HAL_RCC_GetPCLK1Freq
 .text.HAL_SPI_Init
                0x080032c8      0x112 ./Drivers/STM32F4xx_HAL_Driver/Src/stm32f4xx_hal_spi.o
                0x080032c8                HAL_SPI_Init
 .text.HAL_SPI_Transmit
                0x080033da      0x288 ./Drivers/STM32F4xx_HAL_Driver/Src/stm32f4xx_hal_spi.o
                0x080033da                HAL_SPI_Transmit
 .text.HAL_SPI_Receive
                0x08003662      0x232 ./Drivers/STM32F4xx_HAL_Driver/Src/stm32f4xx_hal_spi.o
                0x08003662                HAL_SPI_Receive
 .text.HAL_SPI_TransmitReceive
                0x08003894      0x352 ./Drivers/STM32F4xx_HAL_Driver/Src/stm32f4xx_hal_spi.o
                0x08003894                HAL_SPI_TransmitReceive
 *fill*         0x08003be6        0x2 
 .text.SPI_WaitFlagStateUntilTimeout
                0x08003be8      0x110 ./Drivers/STM32F4xx_HAL_Driver/Src/stm32f4xx_hal_spi.o
 .text.SPI_EndRxTransaction
                0x08003cf8       0xca ./Drivers/STM32F4xx_HAL_Driver/Src/stm32f4xx_hal_spi.o
 *fill*         0x08003dc2        0x2 
 .text.SPI_EndRxTxTransaction
                0x08003dc4       0xa8 ./Drivers/STM32F4xx_HAL_Driver/Src/stm32f4xx_hal_spi.o
 .text.HAL_TIM_Base_Init
                0x08003e6c       0x9e ./Drivers/STM32F4xx_HAL_Driver/Src/stm32f4xx_hal_tim.o
                0x08003e6c                HAL_TIM_Base_Init
 *fill*         0x08003f0a        0x2 
 .text.HAL_TIM_Base_Start
                0x08003f0c       0xd0 ./Drivers/STM32F4xx_HAL_Driver/Src/stm32f4xx_hal_tim.o
                0x08003f0c                HAL_TIM_Base_Start
 .text.HAL_TIM_ConfigClockSource
                0x08003fdc      0x18e ./Drivers/STM32F4xx_HAL_Driver/Src/stm32f4xx_hal_tim.o
                0x08003fdc                HAL_TIM_ConfigClockSource
 *fill*         0x0800416a        0x2 
 .text.TIM_Base_SetConfig
                0x0800416c      0x14c ./Drivers/STM32F4xx_HAL_Driver/Src/stm32f4xx_hal_tim.o
                0x0800416c                TIM_Base_SetConfig
 .text.TIM_TI1_ConfigInputStage
                0x080042b8       0x5e ./Drivers/STM32F4xx_HAL_Driver/Src/stm32f4xx_hal_tim.o
 .text.TIM_TI2_ConfigInputStage
                0x08004316       0x60 ./Drivers/STM32F4xx_HAL_Driver/Src/stm32f4xx_hal_tim.o
 .text.TIM_ITRx_SetConfig
                0x08004376       0x36 ./Drivers/STM32F4xx_HAL_Driver/Src/stm32f4xx_hal_tim.o
 .text.TIM_ETR_SetConfig
                0x080043ac       0x40 ./Drivers/STM32F4xx_HAL_Driver/Src/stm32f4xx_hal_tim.o
                0x080043ac                TIM_ETR_SetConfig
 .text.HAL_TIMEx_MasterConfigSynchronization
                0x080043ec       0xf8 ./Drivers/STM32F4xx_HAL_Driver/Src/stm32f4xx_hal_tim_ex.o
                0x080043ec                HAL_TIMEx_MasterConfigSynchronization
 .text.sprintf  0x080044e4       0x44 D:/Dekstop_B/6thsem/Embedded/STM32CubeIDE/plugins/com.st.stm32cube.ide.mcu.externaltools.gnu-tools-for-stm32.13.3.rel1.win32_1.0.0.202411081344/tools/bin/../lib/gcc/arm-none-eabi/13.3.1/../../../../arm-none-eabi/lib/thumb/v7e-m+fp/hard\libc_nano.a(libc_a-sprintf.o)
                0x080044e4                siprintf
                0x080044e4                sprintf
 .text._vsprintf_r
                0x08004528       0x2c D:/Dekstop_B/6thsem/Embedded/STM32CubeIDE/plugins/com.st.stm32cube.ide.mcu.externaltools.gnu-tools-for-stm32.13.3.rel1.win32_1.0.0.202411081344/tools/bin/../lib/gcc/arm-none-eabi/13.3.1/../../../../arm-none-eabi/lib/thumb/v7e-m+fp/hard\libc_nano.a(libc_a-vsprintf.o)
                0x08004528                _vsprintf_r
                0x08004528                _vsiprintf_r
 .text.vsprintf
                0x08004554       0x14 D:/Dekstop_B/6thsem/Embedded/STM32CubeIDE/plugins/com.st.stm32cube.ide.mcu.externaltools.gnu-tools-for-stm32.13.3.rel1.win32_1.0.0.202411081344/tools/bin/../lib/gcc/arm-none-eabi/13.3.1/../../../../arm-none-eabi/lib/thumb/v7e-m+fp/hard\libc_nano.a(libc_a-vsprintf.o)
                0x08004554                vsiprintf
                0x08004554                vsprintf
 .text.memset   0x08004568       0x10 D:/Dekstop_B/6thsem/Embedded/STM32CubeIDE/plugins/com.st.stm32cube.ide.mcu.externaltools.gnu-tools-for-stm32.13.3.rel1.win32_1.0.0.202411081344/tools/bin/../lib/gcc/arm-none-eabi/13.3.1/../../../../arm-none-eabi/lib/thumb/v7e-m+fp/hard\libc_nano.a(libc_a-memset.o)
                0x08004568                memset
 .text.__errno  0x08004578        0xc D:/Dekstop_B/6thsem/Embedded/STM32CubeIDE/plugins/com.st.stm32cube.ide.mcu.externaltools.gnu-tools-for-stm32.13.3.rel1.win32_1.0.0.202411081344/tools/bin/../lib/gcc/arm-none-eabi/13.3.1/../../../../arm-none-eabi/lib/thumb/v7e-m+fp/hard\libc_nano.a(libc_a-errno.o)
                0x08004578                __errno
 .text.__libc_init_array
                0x08004584       0x48 D:/Dekstop_B/6thsem/Embedded/STM32CubeIDE/plugins/com.st.stm32cube.ide.mcu.externaltools.gnu-tools-for-stm32.13.3.rel1.win32_1.0.0.202411081344/tools/bin/../lib/gcc/arm-none-eabi/13.3.1/../../../../arm-none-eabi/lib/thumb/v7e-m+fp/hard\libc_nano.a(libc_a-init.o)
                0x08004584                __libc_init_array
 .text.__retarget_lock_acquire_recursive
                0x080045cc        0x2 D:/Dekstop_B/6thsem/Embedded/STM32CubeIDE/plugins/com.st.stm32cube.ide.mcu.externaltools.gnu-tools-for-stm32.13.3.rel1.win32_1.0.0.202411081344/tools/bin/../lib/gcc/arm-none-eabi/13.3.1/../../../../arm-none-eabi/lib/thumb/v7e-m+fp/hard\libc_nano.a(libc_a-lock.o)
                0x080045cc                __retarget_lock_acquire_recursive
 .text.__retarget_lock_release_recursive
                0x080045ce        0x2 D:/Dekstop_B/6thsem/Embedded/STM32CubeIDE/plugins/com.st.stm32cube.ide.mcu.externaltools.gnu-tools-for-stm32.13.3.rel1.win32_1.0.0.202411081344/tools/bin/../lib/gcc/arm-none-eabi/13.3.1/../../../../arm-none-eabi/lib/thumb/v7e-m+fp/hard\libc_nano.a(libc_a-lock.o)
                0x080045ce                __retarget_lock_release_recursive
 .text._free_r  0x080045d0       0x94 D:/Dekstop_B/6thsem/Embedded/STM32CubeIDE/plugins/com.st.stm32cube.ide.mcu.externaltools.gnu-tools-for-stm32.13.3.rel1.win32_1.0.0.202411081344/tools/bin/../lib/gcc/arm-none-eabi/13.3.1/../../../../arm-none-eabi/lib/thumb/v7e-m+fp/hard\libc_nano.a(libc_a-freer.o)
                0x080045d0                _free_r
 .text.sbrk_aligned
                0x08004664       0x44 D:/Dekstop_B/6thsem/Embedded/STM32CubeIDE/plugins/com.st.stm32cube.ide.mcu.externaltools.gnu-tools-for-stm32.13.3.rel1.win32_1.0.0.202411081344/tools/bin/../lib/gcc/arm-none-eabi/13.3.1/../../../../arm-none-eabi/lib/thumb/v7e-m+fp/hard\libc_nano.a(libc_a-mallocr.o)
 .text._malloc_r
                0x080046a8      0x100 D:/Dekstop_B/6thsem/Embedded/STM32CubeIDE/plugins/com.st.stm32cube.ide.mcu.externaltools.gnu-tools-for-stm32.13.3.rel1.win32_1.0.0.202411081344/tools/bin/../lib/gcc/arm-none-eabi/13.3.1/../../../../arm-none-eabi/lib/thumb/v7e-m+fp/hard\libc_nano.a(libc_a-mallocr.o)
                0x080046a8                _malloc_r
 .text.__malloc_lock
                0x080047a8        0xc D:/Dekstop_B/6thsem/Embedded/STM32CubeIDE/plugins/com.st.stm32cube.ide.mcu.externaltools.gnu-tools-for-stm32.13.3.rel1.win32_1.0.0.202411081344/tools/bin/../lib/gcc/arm-none-eabi/13.3.1/../../../../arm-none-eabi/lib/thumb/v7e-m+fp/hard\libc_nano.a(libc_a-mlock.o)
                0x080047a8                __malloc_lock
 .text.__malloc_unlock
                0x080047b4        0xc D:/Dekstop_B/6thsem/Embedded/STM32CubeIDE/plugins/com.st.stm32cube.ide.mcu.externaltools.gnu-tools-for-stm32.13.3.rel1.win32_1.0.0.202411081344/tools/bin/../lib/gcc/arm-none-eabi/13.3.1/../../../../arm-none-eabi/lib/thumb/v7e-m+fp/hard\libc_nano.a(libc_a-mlock.o)
                0x080047b4                __malloc_unlock
 .text.__ssputs_r
                0x080047c0       0xb6 D:/Dekstop_B/6thsem/Embedded/STM32CubeIDE/plugins/com.st.stm32cube.ide.mcu.externaltools.gnu-tools-for-stm32.13.3.rel1.win32_1.0.0.202411081344/tools/bin/../lib/gcc/arm-none-eabi/13.3.1/../../../../arm-none-eabi/lib/thumb/v7e-m+fp/hard\libc_nano.a(libc_a-nano-svfprintf.o)
                0x080047c0                __ssputs_r
 *fill*         0x08004876        0x2 
 .text._svfprintf_r
                0x08004878      0x1f8 D:/Dekstop_B/6thsem/Embedded/STM32CubeIDE/plugins/com.st.stm32cube.ide.mcu.externaltools.gnu-tools-for-stm32.13.3.rel1.win32_1.0.0.202411081344/tools/bin/../lib/gcc/arm-none-eabi/13.3.1/../../../../arm-none-eabi/lib/thumb/v7e-m+fp/hard\libc_nano.a(libc_a-nano-svfprintf.o)
                0x08004878                _svfiprintf_r
                0x08004878                _svfprintf_r
 .text._printf_common
                0x08004a70       0xda D:/Dekstop_B/6thsem/Embedded/STM32CubeIDE/plugins/com.st.stm32cube.ide.mcu.externaltools.gnu-tools-for-stm32.13.3.rel1.win32_1.0.0.202411081344/tools/bin/../lib/gcc/arm-none-eabi/13.3.1/../../../../arm-none-eabi/lib/thumb/v7e-m+fp/hard\libc_nano.a(libc_a-nano-vfprintf_i.o)
                0x08004a70                _printf_common
 *fill*         0x08004b4a        0x2 
 .text._printf_i
                0x08004b4c      0x23c D:/Dekstop_B/6thsem/Embedded/STM32CubeIDE/plugins/com.st.stm32cube.ide.mcu.externaltools.gnu-tools-for-stm32.13.3.rel1.win32_1.0.0.202411081344/tools/bin/../lib/gcc/arm-none-eabi/13.3.1/../../../../arm-none-eabi/lib/thumb/v7e-m+fp/hard\libc_nano.a(libc_a-nano-vfprintf_i.o)
                0x08004b4c                _printf_i
 .text.memmove  0x08004d88       0x34 D:/Dekstop_B/6thsem/Embedded/STM32CubeIDE/plugins/com.st.stm32cube.ide.mcu.externaltools.gnu-tools-for-stm32.13.3.rel1.win32_1.0.0.202411081344/tools/bin/../lib/gcc/arm-none-eabi/13.3.1/../../../../arm-none-eabi/lib/thumb/v7e-m+fp/hard\libc_nano.a(libc_a-memmove.o)
                0x08004d88                memmove
 .text._sbrk_r  0x08004dbc       0x20 D:/Dekstop_B/6thsem/Embedded/STM32CubeIDE/plugins/com.st.stm32cube.ide.mcu.externaltools.gnu-tools-for-stm32.13.3.rel1.win32_1.0.0.202411081344/tools/bin/../lib/gcc/arm-none-eabi/13.3.1/../../../../arm-none-eabi/lib/thumb/v7e-m+fp/hard\libc_nano.a(libc_a-sbrkr.o)
                0x08004dbc                _sbrk_r
 .text.memcpy   0x08004ddc       0x1c D:/Dekstop_B/6thsem/Embedded/STM32CubeIDE/plugins/com.st.stm32cube.ide.mcu.externaltools.gnu-tools-for-stm32.13.3.rel1.win32_1.0.0.202411081344/tools/bin/../lib/gcc/arm-none-eabi/13.3.1/../../../../arm-none-eabi/lib/thumb/v7e-m+fp/hard\libc_nano.a(libc_a-memcpy-stub.o)
                0x08004ddc                memcpy
 .text._realloc_r
                0x08004df8       0x5c D:/Dekstop_B/6thsem/Embedded/STM32CubeIDE/plugins/com.st.stm32cube.ide.mcu.externaltools.gnu-tools-for-stm32.13.3.rel1.win32_1.0.0.202411081344/tools/bin/../lib/gcc/arm-none-eabi/13.3.1/../../../../arm-none-eabi/lib/thumb/v7e-m+fp/hard\libc_nano.a(libc_a-reallocr.o)
                0x08004df8                _realloc_r
 .text._malloc_usable_size_r
                0x08004e54       0x10 D:/Dekstop_B/6thsem/Embedded/STM32CubeIDE/plugins/com.st.stm32cube.ide.mcu.externaltools.gnu-tools-for-stm32.13.3.rel1.win32_1.0.0.202411081344/tools/bin/../lib/gcc/arm-none-eabi/13.3.1/../../../../arm-none-eabi/lib/thumb/v7e-m+fp/hard\libc_nano.a(libc_a-msizer.o)
                0x08004e54                _malloc_usable_size_r
 *(.glue_7)
 .glue_7        0x08004e64        0x0 linker stubs
 *(.glue_7t)
 .glue_7t       0x08004e64        0x0 linker stubs
 *(.eh_frame)
 .eh_frame      0x08004e64        0x0 D:/Dekstop_B/6thsem/Embedded/STM32CubeIDE/plugins/com.st.stm32cube.ide.mcu.externaltools.gnu-tools-for-stm32.13.3.rel1.win32_1.0.0.202411081344/tools/bin/../lib/gcc/arm-none-eabi/13.3.1/thumb/v7e-m+fp/hard/crtbegin.o
 *(.init)
 .init          0x08004e64        0x4 D:/Dekstop_B/6thsem/Embedded/STM32CubeIDE/plugins/com.st.stm32cube.ide.mcu.externaltools.gnu-tools-for-stm32.13.3.rel1.win32_1.0.0.202411081344/tools/bin/../lib/gcc/arm-none-eabi/13.3.1/thumb/v7e-m+fp/hard/crti.o
                0x08004e64                _init
 .init          0x08004e68        0x8 D:/Dekstop_B/6thsem/Embedded/STM32CubeIDE/plugins/com.st.stm32cube.ide.mcu.externaltools.gnu-tools-for-stm32.13.3.rel1.win32_1.0.0.202411081344/tools/bin/../lib/gcc/arm-none-eabi/13.3.1/thumb/v7e-m+fp/hard/crtn.o
 *(.fini)
 .fini          0x08004e70        0x4 D:/Dekstop_B/6thsem/Embedded/STM32CubeIDE/plugins/com.st.stm32cube.ide.mcu.externaltools.gnu-tools-for-stm32.13.3.rel1.win32_1.0.0.202411081344/tools/bin/../lib/gcc/arm-none-eabi/13.3.1/thumb/v7e-m+fp/hard/crti.o
                0x08004e70                _fini
 .fini          0x08004e74        0x8 D:/Dekstop_B/6thsem/Embedded/STM32CubeIDE/plugins/com.st.stm32cube.ide.mcu.externaltools.gnu-tools-for-stm32.13.3.rel1.win32_1.0.0.202411081344/tools/bin/../lib/gcc/arm-none-eabi/13.3.1/thumb/v7e-m+fp/hard/crtn.o
                0x08004e7c                        . = ALIGN (0x4)
                0x08004e7c                        _etext = .

.vfp11_veneer   0x08004e7c        0x0
 .vfp11_veneer  0x08004e7c        0x0 linker stubs

.v4_bx          0x08004e7c        0x0
 .v4_bx         0x08004e7c        0x0 linker stubs

.iplt           0x08004e7c        0x0
 .iplt          0x08004e7c        0x0 D:/Dekstop_B/6thsem/Embedded/STM32CubeIDE/plugins/com.st.stm32cube.ide.mcu.externaltools.gnu-tools-for-stm32.13.3.rel1.win32_1.0.0.202411081344/tools/bin/../lib/gcc/arm-none-eabi/13.3.1/thumb/v7e-m+fp/hard/crtbegin.o

.rodata         0x08004e7c       0xd0
                0x08004e7c                        . = ALIGN (0x4)
 *(.rodata)
 .rodata        0x08004e7c       0x81 ./Core/Src/main.o
 *(.rodata*)
 *fill*         0x08004efd        0x3 
 .rodata.AHBPrescTable
                0x08004f00       0x10 ./Core/Src/system_stm32f4xx.o
                0x08004f00                AHBPrescTable
 .rodata.APBPrescTable
                0x08004f10        0x8 ./Core/Src/system_stm32f4xx.o
                0x08004f10                APBPrescTable
 .rodata._svfprintf_r.str1.1
                0x08004f18       0x33 D:/Dekstop_B/6thsem/Embedded/STM32CubeIDE/plugins/com.st.stm32cube.ide.mcu.externaltools.gnu-tools-for-stm32.13.3.rel1.win32_1.0.0.202411081344/tools/bin/../lib/gcc/arm-none-eabi/13.3.1/../../../../arm-none-eabi/lib/thumb/v7e-m+fp/hard\libc_nano.a(libc_a-nano-svfprintf.o)
                                 0x11 (size before relaxing)
 .rodata._printf_i.str1.1
                0x08004f4b       0x22 D:/Dekstop_B/6thsem/Embedded/STM32CubeIDE/plugins/com.st.stm32cube.ide.mcu.externaltools.gnu-tools-for-stm32.13.3.rel1.win32_1.0.0.202411081344/tools/bin/../lib/gcc/arm-none-eabi/13.3.1/../../../../arm-none-eabi/lib/thumb/v7e-m+fp/hard\libc_nano.a(libc_a-nano-vfprintf_i.o)
                0x08004f70                        . = ALIGN (0x4)
 *fill*         0x08004f4b        0x1 

.ARM.extab      0x08004f4c        0x0
                0x08004f4c                        . = ALIGN (0x4)
 *(.ARM.extab* .gnu.linkonce.armextab.*)
                0x08004f4c                        . = ALIGN (0x4)

.ARM            0x08004f4c        0x8
                0x08004f4c                        . = ALIGN (0x4)
                0x08004f4c                        __exidx_start = .
 *(.ARM.exidx*)
 .ARM.exidx     0x08004f4c        0x8 D:/Dekstop_B/6thsem/Embedded/STM32CubeIDE/plugins/com.st.stm32cube.ide.mcu.externaltools.gnu-tools-for-stm32.13.3.rel1.win32_1.0.0.202411081344/tools/bin/../lib/gcc/arm-none-eabi/13.3.1/../../../../arm-none-eabi/lib/thumb/v7e-m+fp/hard\libc_nano.a(libc_a-strlen.o)
 .ARM.exidx     0x08004f54        0x0 D:/Dekstop_B/6thsem/Embedded/STM32CubeIDE/plugins/com.st.stm32cube.ide.mcu.externaltools.gnu-tools-for-stm32.13.3.rel1.win32_1.0.0.202411081344/tools/bin/../lib/gcc/arm-none-eabi/13.3.1/../../../../arm-none-eabi/lib/thumb/v7e-m+fp/hard\libc_nano.a(libc_a-memchr.o)
                                  0x8 (size before relaxing)
 .ARM.exidx     0x08004f54        0x0 D:/Dekstop_B/6thsem/Embedded/STM32CubeIDE/plugins/com.st.stm32cube.ide.mcu.externaltools.gnu-tools-for-stm32.13.3.rel1.win32_1.0.0.202411081344/tools/bin/../lib/gcc/arm-none-eabi/13.3.1/thumb/v7e-m+fp/hard\libgcc.a(_udivmoddi4.o)
                                  0x8 (size before relaxing)
                0x08004f54                        __exidx_end = .
                0x08004f54                        . = ALIGN (0x4)

.preinit_array  0x08004f54        0x0
                0x08004f54                        . = ALIGN (0x4)
                0x08004f54                        PROVIDE (__preinit_array_start = .)
 *(.preinit_array*)
                0x08004f54                        PROVIDE (__preinit_array_end = .)
                0x08004f54                        . = ALIGN (0x4)

.init_array     0x08004f54        0x4
                0x08004f54                        . = ALIGN (0x4)
                0x08004f54                        PROVIDE (__init_array_start = .)
 *(SORT_BY_NAME(.init_array.*))
 *(.init_array*)
 .init_array    0x08004f54        0x4 D:/Dekstop_B/6thsem/Embedded/STM32CubeIDE/plugins/com.st.stm32cube.ide.mcu.externaltools.gnu-tools-for-stm32.13.3.rel1.win32_1.0.0.202411081344/tools/bin/../lib/gcc/arm-none-eabi/13.3.1/thumb/v7e-m+fp/hard/crtbegin.o
                0x08004f58                        PROVIDE (__init_array_end = .)
                0x08004f58                        . = ALIGN (0x4)

.fini_array     0x08004f58        0x4
                0x08004f58                        . = ALIGN (0x4)
                [!provide]                        PROVIDE (__fini_array_start = .)
 *(SORT_BY_NAME(.fini_array.*))
 *(.fini_array*)
 .fini_array    0x08004f58        0x4 D:/Dekstop_B/6thsem/Embedded/STM32CubeIDE/plugins/com.st.stm32cube.ide.mcu.externaltools.gnu-tools-for-stm32.13.3.rel1.win32_1.0.0.202411081344/tools/bin/../lib/gcc/arm-none-eabi/13.3.1/thumb/v7e-m+fp/hard/crtbegin.o
                [!provide]                        PROVIDE (__fini_array_end = .)
                0x08004f5c                        . = ALIGN (0x4)
                0x08004f5c                        _sidata = LOADADDR (.data)

.rel.dyn        0x08004f5c        0x0
 .rel.iplt      0x08004f5c        0x0 D:/Dekstop_B/6thsem/Embedded/STM32CubeIDE/plugins/com.st.stm32cube.ide.mcu.externaltools.gnu-tools-for-stm32.13.3.rel1.win32_1.0.0.202411081344/tools/bin/../lib/gcc/arm-none-eabi/13.3.1/thumb/v7e-m+fp/hard/crtbegin.o

.data           0x20000000       0x5c load address 0x08004f5c
                0x20000000                        . = ALIGN (0x4)
                0x20000000                        _sdata = .
 *(.data)
 *(.data*)
 .data.SystemCoreClock
                0x20000000        0x4 ./Core/Src/system_stm32f4xx.o
                0x20000000                SystemCoreClock
 .data.uwTickPrio
                0x20000004        0x4 ./Drivers/STM32F4xx_HAL_Driver/Src/stm32f4xx_hal.o
                0x20000004                uwTickPrio
 .data.uwTickFreq
                0x20000008        0x1 ./Drivers/STM32F4xx_HAL_Driver/Src/stm32f4xx_hal.o
                0x20000008                uwTickFreq
 *fill*         0x20000009        0x3 
 .data._impure_ptr
                0x2000000c        0x4 D:/Dekstop_B/6thsem/Embedded/STM32CubeIDE/plugins/com.st.stm32cube.ide.mcu.externaltools.gnu-tools-for-stm32.13.3.rel1.win32_1.0.0.202411081344/tools/bin/../lib/gcc/arm-none-eabi/13.3.1/../../../../arm-none-eabi/lib/thumb/v7e-m+fp/hard\libc_nano.a(libc_a-impure.o)
                0x2000000c                _impure_ptr
 .data._impure_data
                0x20000010       0x4c D:/Dekstop_B/6thsem/Embedded/STM32CubeIDE/plugins/com.st.stm32cube.ide.mcu.externaltools.gnu-tools-for-stm32.13.3.rel1.win32_1.0.0.202411081344/tools/bin/../lib/gcc/arm-none-eabi/13.3.1/../../../../arm-none-eabi/lib/thumb/v7e-m+fp/hard\libc_nano.a(libc_a-impure.o)
                0x20000010                _impure_data
 *(.RamFunc)
 *(.RamFunc*)
                0x2000005c                        . = ALIGN (0x4)
                0x2000005c                        _edata = .
                0x08004fb8                        _siccmram = LOADADDR (.ccmram)

.igot.plt       0x2000005c        0x0 load address 0x08004fb8
 .igot.plt      0x2000005c        0x0 D:/Dekstop_B/6thsem/Embedded/STM32CubeIDE/plugins/com.st.stm32cube.ide.mcu.externaltools.gnu-tools-for-stm32.13.3.rel1.win32_1.0.0.202411081344/tools/bin/../lib/gcc/arm-none-eabi/13.3.1/thumb/v7e-m+fp/hard/crtbegin.o

.ccmram         0x10000000        0x0 load address 0x08004fb8
                0x10000000                        . = ALIGN (0x4)
                0x10000000                        _sccmram = .
 *(.ccmram)
 *(.ccmram*)
                0x10000000                        . = ALIGN (0x4)
                0x10000000                        _eccmram = .
                0x10000000                        . = ALIGN (0x4)

.bss            0x2000005c      0x268
                0x2000005c                        _sbss = .
                0x2000005c                        __bss_start__ = _sbss
 *(.bss)
 .bss           0x2000005c       0x1c D:/Dekstop_B/6thsem/Embedded/STM32CubeIDE/plugins/com.st.stm32cube.ide.mcu.externaltools.gnu-tools-for-stm32.13.3.rel1.win32_1.0.0.202411081344/tools/bin/../lib/gcc/arm-none-eabi/13.3.1/thumb/v7e-m+fp/hard/crtbegin.o
 *(.bss*)
 .bss.hi2c1     0x20000078       0x54 ./Core/Src/i2c.o
                0x20000078                hi2c1
 .bss.lcd16x2_i2cHandle
                0x200000cc        0x4 ./Core/Src/lcd16x2_i2c.o
 .bss.LCD_I2C_SLAVE_ADDRESS
                0x200000d0        0x1 ./Core/Src/lcd16x2_i2c.o
 *fill*         0x200000d1        0x3 
 .bss.hspi1     0x200000d4       0x58 ./Core/Src/spi.o
                0x200000d4                hspi1
 .bss.__sbrk_heap_end
                0x2000012c        0x4 ./Core/Src/sysmem.o
 .bss.htim1     0x20000130       0x48 ./Core/Src/tim.o
                0x20000130                htim1
 .bss.uwTick    0x20000178        0x4 ./Drivers/STM32F4xx_HAL_Driver/Src/stm32f4xx_hal.o
                0x20000178                uwTick
 .bss.__sf      0x2000017c      0x138 D:/Dekstop_B/6thsem/Embedded/STM32CubeIDE/plugins/com.st.stm32cube.ide.mcu.externaltools.gnu-tools-for-stm32.13.3.rel1.win32_1.0.0.202411081344/tools/bin/../lib/gcc/arm-none-eabi/13.3.1/../../../../arm-none-eabi/lib/thumb/v7e-m+fp/hard\libc_nano.a(libc_a-findfp.o)
                0x2000017c                __sf
 .bss.errno     0x200002b4        0x4 D:/Dekstop_B/6thsem/Embedded/STM32CubeIDE/plugins/com.st.stm32cube.ide.mcu.externaltools.gnu-tools-for-stm32.13.3.rel1.win32_1.0.0.202411081344/tools/bin/../lib/gcc/arm-none-eabi/13.3.1/../../../../arm-none-eabi/lib/thumb/v7e-m+fp/hard\libc_nano.a(libc_a-reent.o)
                0x200002b4                errno
 .bss.__lock___malloc_recursive_mutex
                0x200002b8        0x1 D:/Dekstop_B/6thsem/Embedded/STM32CubeIDE/plugins/com.st.stm32cube.ide.mcu.externaltools.gnu-tools-for-stm32.13.3.rel1.win32_1.0.0.202411081344/tools/bin/../lib/gcc/arm-none-eabi/13.3.1/../../../../arm-none-eabi/lib/thumb/v7e-m+fp/hard\libc_nano.a(libc_a-lock.o)
                0x200002b8                __lock___malloc_recursive_mutex
 *fill*         0x200002b9        0x3 
 .bss.__malloc_sbrk_start
                0x200002bc        0x4 D:/Dekstop_B/6thsem/Embedded/STM32CubeIDE/plugins/com.st.stm32cube.ide.mcu.externaltools.gnu-tools-for-stm32.13.3.rel1.win32_1.0.0.202411081344/tools/bin/../lib/gcc/arm-none-eabi/13.3.1/../../../../arm-none-eabi/lib/thumb/v7e-m+fp/hard\libc_nano.a(libc_a-mallocr.o)
                0x200002bc                __malloc_sbrk_start
 .bss.__malloc_free_list
                0x200002c0        0x4 D:/Dekstop_B/6thsem/Embedded/STM32CubeIDE/plugins/com.st.stm32cube.ide.mcu.externaltools.gnu-tools-for-stm32.13.3.rel1.win32_1.0.0.202411081344/tools/bin/../lib/gcc/arm-none-eabi/13.3.1/../../../../arm-none-eabi/lib/thumb/v7e-m+fp/hard\libc_nano.a(libc_a-mallocr.o)
                0x200002c0                __malloc_free_list
 *(COMMON)
                0x200002c4                        . = ALIGN (0x4)
                0x200002c4                        _ebss = .
                0x200002c4                        __bss_end__ = _ebss

._user_heap_stack
                0x200002c4      0x604
                0x200002c8                        . = ALIGN (0x8)
 *fill*         0x200002c4        0x4 
                [!provide]                        PROVIDE (end = .)
                0x200002c8                        PROVIDE (_end = .)
                0x200004c8                        . = (. + _Min_Heap_Size)
 *fill*         0x200002c8      0x200 
                0x200008c8                        . = (. + _Min_Stack_Size)
 *fill*         0x200004c8      0x400 
                0x200008c8                        . = ALIGN (0x8)

/DISCARD/
 libc.a(*)
 libm.a(*)
 libgcc.a(*)

.ARM.attributes
                0x00000000       0x30
 *(.ARM.attributes)
 .ARM.attributes
                0x00000000       0x22 D:/Dekstop_B/6thsem/Embedded/STM32CubeIDE/plugins/com.st.stm32cube.ide.mcu.externaltools.gnu-tools-for-stm32.13.3.rel1.win32_1.0.0.202411081344/tools/bin/../lib/gcc/arm-none-eabi/13.3.1/thumb/v7e-m+fp/hard/crti.o
 .ARM.attributes
                0x00000022       0x34 D:/Dekstop_B/6thsem/Embedded/STM32CubeIDE/plugins/com.st.stm32cube.ide.mcu.externaltools.gnu-tools-for-stm32.13.3.rel1.win32_1.0.0.202411081344/tools/bin/../lib/gcc/arm-none-eabi/13.3.1/thumb/v7e-m+fp/hard/crtbegin.o
 .ARM.attributes
                0x00000056       0x34 ./Core/Src/NRF24.o
 .ARM.attributes
                0x0000008a       0x34 ./Core/Src/gpio.o
 .ARM.attributes
                0x000000be       0x34 ./Core/Src/i2c.o
 .ARM.attributes
                0x000000f2       0x34 ./Core/Src/lcd16x2_i2c.o
 .ARM.attributes
                0x00000126       0x34 ./Core/Src/main.o
 .ARM.attributes
                0x0000015a       0x34 ./Core/Src/spi.o
 .ARM.attributes
                0x0000018e       0x34 ./Core/Src/stm32f4xx_hal_msp.o
 .ARM.attributes
                0x000001c2       0x34 ./Core/Src/stm32f4xx_it.o
 .ARM.attributes
                0x000001f6       0x34 ./Core/Src/sysmem.o
 .ARM.attributes
                0x0000022a       0x34 ./Core/Src/system_stm32f4xx.o
 .ARM.attributes
                0x0000025e       0x34 ./Core/Src/tim.o
 .ARM.attributes
                0x00000292       0x21 ./Core/Startup/startup_stm32f439zitx.o
 .ARM.attributes
                0x000002b3       0x34 ./Drivers/STM32F4xx_HAL_Driver/Src/stm32f4xx_hal.o
 .ARM.attributes
                0x000002e7       0x34 ./Drivers/STM32F4xx_HAL_Driver/Src/stm32f4xx_hal_cortex.o
 .ARM.attributes
                0x0000031b       0x34 ./Drivers/STM32F4xx_HAL_Driver/Src/stm32f4xx_hal_gpio.o
 .ARM.attributes
                0x0000034f       0x34 ./Drivers/STM32F4xx_HAL_Driver/Src/stm32f4xx_hal_i2c.o
 .ARM.attributes
                0x00000383       0x34 ./Drivers/STM32F4xx_HAL_Driver/Src/stm32f4xx_hal_i2c_ex.o
 .ARM.attributes
                0x000003b7       0x34 ./Drivers/STM32F4xx_HAL_Driver/Src/stm32f4xx_hal_pwr_ex.o
 .ARM.attributes
                0x000003eb       0x34 ./Drivers/STM32F4xx_HAL_Driver/Src/stm32f4xx_hal_rcc.o
 .ARM.attributes
                0x0000041f       0x34 ./Drivers/STM32F4xx_HAL_Driver/Src/stm32f4xx_hal_spi.o
 .ARM.attributes
                0x00000453       0x34 ./Drivers/STM32F4xx_HAL_Driver/Src/stm32f4xx_hal_tim.o
 .ARM.attributes
                0x00000487       0x34 ./Drivers/STM32F4xx_HAL_Driver/Src/stm32f4xx_hal_tim_ex.o
 .ARM.attributes
                0x000004bb       0x34 D:/Dekstop_B/6thsem/Embedded/STM32CubeIDE/plugins/com.st.stm32cube.ide.mcu.externaltools.gnu-tools-for-stm32.13.3.rel1.win32_1.0.0.202411081344/tools/bin/../lib/gcc/arm-none-eabi/13.3.1/../../../../arm-none-eabi/lib/thumb/v7e-m+fp/hard\libc_nano.a(libc_a-findfp.o)
 .ARM.attributes
                0x000004ef       0x34 D:/Dekstop_B/6thsem/Embedded/STM32CubeIDE/plugins/com.st.stm32cube.ide.mcu.externaltools.gnu-tools-for-stm32.13.3.rel1.win32_1.0.0.202411081344/tools/bin/../lib/gcc/arm-none-eabi/13.3.1/../../../../arm-none-eabi/lib/thumb/v7e-m+fp/hard\libc_nano.a(libc_a-sprintf.o)
 .ARM.attributes
                0x00000523       0x34 D:/Dekstop_B/6thsem/Embedded/STM32CubeIDE/plugins/com.st.stm32cube.ide.mcu.externaltools.gnu-tools-for-stm32.13.3.rel1.win32_1.0.0.202411081344/tools/bin/../lib/gcc/arm-none-eabi/13.3.1/../../../../arm-none-eabi/lib/thumb/v7e-m+fp/hard\libc_nano.a(libc_a-vsprintf.o)
 .ARM.attributes
                0x00000557       0x34 D:/Dekstop_B/6thsem/Embedded/STM32CubeIDE/plugins/com.st.stm32cube.ide.mcu.externaltools.gnu-tools-for-stm32.13.3.rel1.win32_1.0.0.202411081344/tools/bin/../lib/gcc/arm-none-eabi/13.3.1/../../../../arm-none-eabi/lib/thumb/v7e-m+fp/hard\libc_nano.a(libc_a-memset.o)
 .ARM.attributes
                0x0000058b       0x34 D:/Dekstop_B/6thsem/Embedded/STM32CubeIDE/plugins/com.st.stm32cube.ide.mcu.externaltools.gnu-tools-for-stm32.13.3.rel1.win32_1.0.0.202411081344/tools/bin/../lib/gcc/arm-none-eabi/13.3.1/../../../../arm-none-eabi/lib/thumb/v7e-m+fp/hard\libc_nano.a(libc_a-reent.o)
 .ARM.attributes
                0x000005bf       0x34 D:/Dekstop_B/6thsem/Embedded/STM32CubeIDE/plugins/com.st.stm32cube.ide.mcu.externaltools.gnu-tools-for-stm32.13.3.rel1.win32_1.0.0.202411081344/tools/bin/../lib/gcc/arm-none-eabi/13.3.1/../../../../arm-none-eabi/lib/thumb/v7e-m+fp/hard\libc_nano.a(libc_a-impure.o)
 .ARM.attributes
                0x000005f3       0x34 D:/Dekstop_B/6thsem/Embedded/STM32CubeIDE/plugins/com.st.stm32cube.ide.mcu.externaltools.gnu-tools-for-stm32.13.3.rel1.win32_1.0.0.202411081344/tools/bin/../lib/gcc/arm-none-eabi/13.3.1/../../../../arm-none-eabi/lib/thumb/v7e-m+fp/hard\libc_nano.a(libc_a-errno.o)
 .ARM.attributes
                0x00000627       0x34 D:/Dekstop_B/6thsem/Embedded/STM32CubeIDE/plugins/com.st.stm32cube.ide.mcu.externaltools.gnu-tools-for-stm32.13.3.rel1.win32_1.0.0.202411081344/tools/bin/../lib/gcc/arm-none-eabi/13.3.1/../../../../arm-none-eabi/lib/thumb/v7e-m+fp/hard\libc_nano.a(libc_a-init.o)
 .ARM.attributes
                0x0000065b       0x34 D:/Dekstop_B/6thsem/Embedded/STM32CubeIDE/plugins/com.st.stm32cube.ide.mcu.externaltools.gnu-tools-for-stm32.13.3.rel1.win32_1.0.0.202411081344/tools/bin/../lib/gcc/arm-none-eabi/13.3.1/../../../../arm-none-eabi/lib/thumb/v7e-m+fp/hard\libc_nano.a(libc_a-lock.o)
 .ARM.attributes
                0x0000068f       0x17 D:/Dekstop_B/6thsem/Embedded/STM32CubeIDE/plugins/com.st.stm32cube.ide.mcu.externaltools.gnu-tools-for-stm32.13.3.rel1.win32_1.0.0.202411081344/tools/bin/../lib/gcc/arm-none-eabi/13.3.1/../../../../arm-none-eabi/lib/thumb/v7e-m+fp/hard\libc_nano.a(libc_a-strlen.o)
 .ARM.attributes
                0x000006a6       0x34 D:/Dekstop_B/6thsem/Embedded/STM32CubeIDE/plugins/com.st.stm32cube.ide.mcu.externaltools.gnu-tools-for-stm32.13.3.rel1.win32_1.0.0.202411081344/tools/bin/../lib/gcc/arm-none-eabi/13.3.1/../../../../arm-none-eabi/lib/thumb/v7e-m+fp/hard\libc_nano.a(libc_a-freer.o)
 .ARM.attributes
                0x000006da       0x34 D:/Dekstop_B/6thsem/Embedded/STM32CubeIDE/plugins/com.st.stm32cube.ide.mcu.externaltools.gnu-tools-for-stm32.13.3.rel1.win32_1.0.0.202411081344/tools/bin/../lib/gcc/arm-none-eabi/13.3.1/../../../../arm-none-eabi/lib/thumb/v7e-m+fp/hard\libc_nano.a(libc_a-mallocr.o)
 .ARM.attributes
                0x0000070e       0x34 D:/Dekstop_B/6thsem/Embedded/STM32CubeIDE/plugins/com.st.stm32cube.ide.mcu.externaltools.gnu-tools-for-stm32.13.3.rel1.win32_1.0.0.202411081344/tools/bin/../lib/gcc/arm-none-eabi/13.3.1/../../../../arm-none-eabi/lib/thumb/v7e-m+fp/hard\libc_nano.a(libc_a-mlock.o)
 .ARM.attributes
                0x00000742       0x34 D:/Dekstop_B/6thsem/Embedded/STM32CubeIDE/plugins/com.st.stm32cube.ide.mcu.externaltools.gnu-tools-for-stm32.13.3.rel1.win32_1.0.0.202411081344/tools/bin/../lib/gcc/arm-none-eabi/13.3.1/../../../../arm-none-eabi/lib/thumb/v7e-m+fp/hard\libc_nano.a(libc_a-nano-svfprintf.o)
 .ARM.attributes
                0x00000776       0x34 D:/Dekstop_B/6thsem/Embedded/STM32CubeIDE/plugins/com.st.stm32cube.ide.mcu.externaltools.gnu-tools-for-stm32.13.3.rel1.win32_1.0.0.202411081344/tools/bin/../lib/gcc/arm-none-eabi/13.3.1/../../../../arm-none-eabi/lib/thumb/v7e-m+fp/hard\libc_nano.a(libc_a-nano-vfprintf_i.o)
 .ARM.attributes
                0x000007aa       0x34 D:/Dekstop_B/6thsem/Embedded/STM32CubeIDE/plugins/com.st.stm32cube.ide.mcu.externaltools.gnu-tools-for-stm32.13.3.rel1.win32_1.0.0.202411081344/tools/bin/../lib/gcc/arm-none-eabi/13.3.1/../../../../arm-none-eabi/lib/thumb/v7e-m+fp/hard\libc_nano.a(libc_a-memmove.o)
 .ARM.attributes
                0x000007de       0x34 D:/Dekstop_B/6thsem/Embedded/STM32CubeIDE/plugins/com.st.stm32cube.ide.mcu.externaltools.gnu-tools-for-stm32.13.3.rel1.win32_1.0.0.202411081344/tools/bin/../lib/gcc/arm-none-eabi/13.3.1/../../../../arm-none-eabi/lib/thumb/v7e-m+fp/hard\libc_nano.a(libc_a-sbrkr.o)
 .ARM.attributes
                0x00000812       0x1c D:/Dekstop_B/6thsem/Embedded/STM32CubeIDE/plugins/com.st.stm32cube.ide.mcu.externaltools.gnu-tools-for-stm32.13.3.rel1.win32_1.0.0.202411081344/tools/bin/../lib/gcc/arm-none-eabi/13.3.1/../../../../arm-none-eabi/lib/thumb/v7e-m+fp/hard\libc_nano.a(libc_a-memchr.o)
 .ARM.attributes
                0x0000082e       0x34 D:/Dekstop_B/6thsem/Embedded/STM32CubeIDE/plugins/com.st.stm32cube.ide.mcu.externaltools.gnu-tools-for-stm32.13.3.rel1.win32_1.0.0.202411081344/tools/bin/../lib/gcc/arm-none-eabi/13.3.1/../../../../arm-none-eabi/lib/thumb/v7e-m+fp/hard\libc_nano.a(libc_a-memcpy-stub.o)
 .ARM.attributes
                0x00000862       0x34 D:/Dekstop_B/6thsem/Embedded/STM32CubeIDE/plugins/com.st.stm32cube.ide.mcu.externaltools.gnu-tools-for-stm32.13.3.rel1.win32_1.0.0.202411081344/tools/bin/../lib/gcc/arm-none-eabi/13.3.1/../../../../arm-none-eabi/lib/thumb/v7e-m+fp/hard\libc_nano.a(libc_a-reallocr.o)
 .ARM.attributes
                0x00000896       0x34 D:/Dekstop_B/6thsem/Embedded/STM32CubeIDE/plugins/com.st.stm32cube.ide.mcu.externaltools.gnu-tools-for-stm32.13.3.rel1.win32_1.0.0.202411081344/tools/bin/../lib/gcc/arm-none-eabi/13.3.1/../../../../arm-none-eabi/lib/thumb/v7e-m+fp/hard\libc_nano.a(libc_a-msizer.o)
 .ARM.attributes
                0x000008ca       0x22 D:/Dekstop_B/6thsem/Embedded/STM32CubeIDE/plugins/com.st.stm32cube.ide.mcu.externaltools.gnu-tools-for-stm32.13.3.rel1.win32_1.0.0.202411081344/tools/bin/../lib/gcc/arm-none-eabi/13.3.1/thumb/v7e-m+fp/hard\libgcc.a(_aeabi_uldivmod.o)
 .ARM.attributes
                0x000008ec       0x34 D:/Dekstop_B/6thsem/Embedded/STM32CubeIDE/plugins/com.st.stm32cube.ide.mcu.externaltools.gnu-tools-for-stm32.13.3.rel1.win32_1.0.0.202411081344/tools/bin/../lib/gcc/arm-none-eabi/13.3.1/thumb/v7e-m+fp/hard\libgcc.a(_udivmoddi4.o)
 .ARM.attributes
                0x00000920       0x22 D:/Dekstop_B/6thsem/Embedded/STM32CubeIDE/plugins/com.st.stm32cube.ide.mcu.externaltools.gnu-tools-for-stm32.13.3.rel1.win32_1.0.0.202411081344/tools/bin/../lib/gcc/arm-none-eabi/13.3.1/thumb/v7e-m+fp/hard\libgcc.a(_dvmd_tls.o)
 .ARM.attributes
                0x00000942       0x22 D:/Dekstop_B/6thsem/Embedded/STM32CubeIDE/plugins/com.st.stm32cube.ide.mcu.externaltools.gnu-tools-for-stm32.13.3.rel1.win32_1.0.0.202411081344/tools/bin/../lib/gcc/arm-none-eabi/13.3.1/thumb/v7e-m+fp/hard/crtn.o
OUTPUT(monday_submission.elf elf32-littlearm)
LOAD linker stubs
LOAD D:/Dekstop_B/6thsem/Embedded/STM32CubeIDE/plugins/com.st.stm32cube.ide.mcu.externaltools.gnu-tools-for-stm32.13.3.rel1.win32_1.0.0.202411081344/tools/bin/../lib/gcc/arm-none-eabi/13.3.1/../../../../arm-none-eabi/lib/thumb/v7e-m+fp/hard\libc.a
LOAD D:/Dekstop_B/6thsem/Embedded/STM32CubeIDE/plugins/com.st.stm32cube.ide.mcu.externaltools.gnu-tools-for-stm32.13.3.rel1.win32_1.0.0.202411081344/tools/bin/../lib/gcc/arm-none-eabi/13.3.1/../../../../arm-none-eabi/lib/thumb/v7e-m+fp/hard\libm.a
LOAD D:/Dekstop_B/6thsem/Embedded/STM32CubeIDE/plugins/com.st.stm32cube.ide.mcu.externaltools.gnu-tools-for-stm32.13.3.rel1.win32_1.0.0.202411081344/tools/bin/../lib/gcc/arm-none-eabi/13.3.1/thumb/v7e-m+fp/hard\libgcc.a

.debug_info     0x00000000    0x1073d
 .debug_info    0x00000000     0x1489 ./Core/Src/NRF24.o
 .debug_info    0x00001489      0x421 ./Core/Src/gpio.o
 .debug_info    0x000018aa      0x9be ./Core/Src/i2c.o
 .debug_info    0x00002268      0x988 ./Core/Src/lcd16x2_i2c.o
 .debug_info    0x00002bf0     0x11b3 ./Core/Src/main.o
 .debug_info    0x00003da3      0x965 ./Core/Src/spi.o
 .debug_info    0x00004708      0x281 ./Core/Src/stm32f4xx_hal_msp.o
 .debug_info    0x00004989      0x112 ./Core/Src/stm32f4xx_it.o
 .debug_info    0x00004a9b      0x168 ./Core/Src/sysmem.o
 .debug_info    0x00004c03      0x52e ./Core/Src/system_stm32f4xx.o
 .debug_info    0x00005131      0x9b0 ./Core/Src/tim.o
 .debug_info    0x00005ae1       0x30 ./Core/Startup/startup_stm32f439zitx.o
 .debug_info    0x00005b11      0x9c0 ./Drivers/STM32F4xx_HAL_Driver/Src/stm32f4xx_hal.o
 .debug_info    0x000064d1      0xdc8 ./Drivers/STM32F4xx_HAL_Driver/Src/stm32f4xx_hal_cortex.o
 .debug_info    0x00007299      0x6db ./Drivers/STM32F4xx_HAL_Driver/Src/stm32f4xx_hal_gpio.o
 .debug_info    0x00007974     0x2421 ./Drivers/STM32F4xx_HAL_Driver/Src/stm32f4xx_hal_i2c.o
 .debug_info    0x00009d95      0x672 ./Drivers/STM32F4xx_HAL_Driver/Src/stm32f4xx_hal_i2c_ex.o
 .debug_info    0x0000a407      0x6be ./Drivers/STM32F4xx_HAL_Driver/Src/stm32f4xx_hal_pwr_ex.o
 .debug_info    0x0000aac5      0x8db ./Drivers/STM32F4xx_HAL_Driver/Src/stm32f4xx_hal_rcc.o
 .debug_info    0x0000b3a0     0x1525 ./Drivers/STM32F4xx_HAL_Driver/Src/stm32f4xx_hal_spi.o
 .debug_info    0x0000c8c5     0x299d ./Drivers/STM32F4xx_HAL_Driver/Src/stm32f4xx_hal_tim.o
 .debug_info    0x0000f262     0x14db ./Drivers/STM32F4xx_HAL_Driver/Src/stm32f4xx_hal_tim_ex.o

.debug_abbrev   0x00000000     0x29c0
 .debug_abbrev  0x00000000      0x35c ./Core/Src/NRF24.o
 .debug_abbrev  0x0000035c      0x152 ./Core/Src/gpio.o
 .debug_abbrev  0x000004ae      0x20a ./Core/Src/i2c.o
 .debug_abbrev  0x000006b8      0x251 ./Core/Src/lcd16x2_i2c.o
 .debug_abbrev  0x00000909      0x29c ./Core/Src/main.o
 .debug_abbrev  0x00000ba5      0x1fa ./Core/Src/spi.o
 .debug_abbrev  0x00000d9f       0xd8 ./Core/Src/stm32f4xx_hal_msp.o
 .debug_abbrev  0x00000e77       0x73 ./Core/Src/stm32f4xx_it.o
 .debug_abbrev  0x00000eea       0xbc ./Core/Src/sysmem.o
 .debug_abbrev  0x00000fa6      0x11a ./Core/Src/system_stm32f4xx.o
 .debug_abbrev  0x000010c0      0x1d8 ./Core/Src/tim.o
 .debug_abbrev  0x00001298       0x24 ./Core/Startup/startup_stm32f439zitx.o
 .debug_abbrev  0x000012bc      0x214 ./Drivers/STM32F4xx_HAL_Driver/Src/stm32f4xx_hal.o
 .debug_abbrev  0x000014d0      0x31d ./Drivers/STM32F4xx_HAL_Driver/Src/stm32f4xx_hal_cortex.o
 .debug_abbrev  0x000017ed      0x1d4 ./Drivers/STM32F4xx_HAL_Driver/Src/stm32f4xx_hal_gpio.o
 .debug_abbrev  0x000019c1      0x2ad ./Drivers/STM32F4xx_HAL_Driver/Src/stm32f4xx_hal_i2c.o
 .debug_abbrev  0x00001c6e      0x157 ./Drivers/STM32F4xx_HAL_Driver/Src/stm32f4xx_hal_i2c_ex.o
 .debug_abbrev  0x00001dc5      0x1cf ./Drivers/STM32F4xx_HAL_Driver/Src/stm32f4xx_hal_pwr_ex.o
 .debug_abbrev  0x00001f94      0x2b7 ./Drivers/STM32F4xx_HAL_Driver/Src/stm32f4xx_hal_rcc.o
 .debug_abbrev  0x0000224b      0x27a ./Drivers/STM32F4xx_HAL_Driver/Src/stm32f4xx_hal_spi.o
 .debug_abbrev  0x000024c5      0x278 ./Drivers/STM32F4xx_HAL_Driver/Src/stm32f4xx_hal_tim.o
 .debug_abbrev  0x0000273d      0x283 ./Drivers/STM32F4xx_HAL_Driver/Src/stm32f4xx_hal_tim_ex.o

.debug_aranges  0x00000000     0x1158
 .debug_aranges
                0x00000000      0x1b8 ./Core/Src/NRF24.o
 .debug_aranges
                0x000001b8       0x20 ./Core/Src/gpio.o
 .debug_aranges
                0x000001d8       0x30 ./Core/Src/i2c.o
 .debug_aranges
                0x00000208       0x88 ./Core/Src/lcd16x2_i2c.o
 .debug_aranges
                0x00000290       0x30 ./Core/Src/main.o
 .debug_aranges
                0x000002c0       0x30 ./Core/Src/spi.o
 .debug_aranges
                0x000002f0       0x20 ./Core/Src/stm32f4xx_hal_msp.o
 .debug_aranges
                0x00000310       0x60 ./Core/Src/stm32f4xx_it.o
 .debug_aranges
                0x00000370       0x20 ./Core/Src/sysmem.o
 .debug_aranges
                0x00000390       0x28 ./Core/Src/system_stm32f4xx.o
 .debug_aranges
                0x000003b8       0x30 ./Core/Src/tim.o
 .debug_aranges
                0x000003e8       0x28 ./Core/Startup/startup_stm32f439zitx.o
 .debug_aranges
                0x00000410      0x100 ./Drivers/STM32F4xx_HAL_Driver/Src/stm32f4xx_hal.o
 .debug_aranges
                0x00000510      0x130 ./Drivers/STM32F4xx_HAL_Driver/Src/stm32f4xx_hal_cortex.o
 .debug_aranges
                0x00000640       0x58 ./Drivers/STM32F4xx_HAL_Driver/Src/stm32f4xx_hal_gpio.o
 .debug_aranges
                0x00000698      0x2a8 ./Drivers/STM32F4xx_HAL_Driver/Src/stm32f4xx_hal_i2c.o
 .debug_aranges
                0x00000940       0x28 ./Drivers/STM32F4xx_HAL_Driver/Src/stm32f4xx_hal_i2c_ex.o
 .debug_aranges
                0x00000968       0x60 ./Drivers/STM32F4xx_HAL_Driver/Src/stm32f4xx_hal_pwr_ex.o
 .debug_aranges
                0x000009c8       0x88 ./Drivers/STM32F4xx_HAL_Driver/Src/stm32f4xx_hal_rcc.o
 .debug_aranges
                0x00000a50      0x1d0 ./Drivers/STM32F4xx_HAL_Driver/Src/stm32f4xx_hal_spi.o
 .debug_aranges
                0x00000c20      0x3d0 ./Drivers/STM32F4xx_HAL_Driver/Src/stm32f4xx_hal_tim.o
 .debug_aranges
                0x00000ff0      0x168 ./Drivers/STM32F4xx_HAL_Driver/Src/stm32f4xx_hal_tim_ex.o

.debug_rnglists
                0x00000000      0xd66
 .debug_rnglists
                0x00000000      0x148 ./Core/Src/NRF24.o
 .debug_rnglists
                0x00000148       0x14 ./Core/Src/gpio.o
 .debug_rnglists
                0x0000015c       0x21 ./Core/Src/i2c.o
 .debug_rnglists
                0x0000017d       0x62 ./Core/Src/lcd16x2_i2c.o
 .debug_rnglists
                0x000001df       0x21 ./Core/Src/main.o
 .debug_rnglists
                0x00000200       0x20 ./Core/Src/spi.o
 .debug_rnglists
                0x00000220       0x13 ./Core/Src/stm32f4xx_hal_msp.o
 .debug_rnglists
                0x00000233       0x43 ./Core/Src/stm32f4xx_it.o
 .debug_rnglists
                0x00000276       0x13 ./Core/Src/sysmem.o
 .debug_rnglists
                0x00000289       0x1a ./Core/Src/system_stm32f4xx.o
 .debug_rnglists
                0x000002a3       0x20 ./Core/Src/tim.o
 .debug_rnglists
                0x000002c3       0x19 ./Core/Startup/startup_stm32f439zitx.o
 .debug_rnglists
                0x000002dc       0xbb ./Drivers/STM32F4xx_HAL_Driver/Src/stm32f4xx_hal.o
 .debug_rnglists
                0x00000397       0xe0 ./Drivers/STM32F4xx_HAL_Driver/Src/stm32f4xx_hal_cortex.o
 .debug_rnglists
                0x00000477       0x3f ./Drivers/STM32F4xx_HAL_Driver/Src/stm32f4xx_hal_gpio.o
 .debug_rnglists
                0x000004b6      0x23c ./Drivers/STM32F4xx_HAL_Driver/Src/stm32f4xx_hal_i2c.o
 .debug_rnglists
                0x000006f2       0x19 ./Drivers/STM32F4xx_HAL_Driver/Src/stm32f4xx_hal_i2c_ex.o
 .debug_rnglists
                0x0000070b       0x47 ./Drivers/STM32F4xx_HAL_Driver/Src/stm32f4xx_hal_pwr_ex.o
 .debug_rnglists
                0x00000752       0x66 ./Drivers/STM32F4xx_HAL_Driver/Src/stm32f4xx_hal_rcc.o
 .debug_rnglists
                0x000007b8      0x16f ./Drivers/STM32F4xx_HAL_Driver/Src/stm32f4xx_hal_spi.o
 .debug_rnglists
                0x00000927      0x31a ./Drivers/STM32F4xx_HAL_Driver/Src/stm32f4xx_hal_tim.o
 .debug_rnglists
                0x00000c41      0x125 ./Drivers/STM32F4xx_HAL_Driver/Src/stm32f4xx_hal_tim_ex.o

.debug_macro    0x00000000    0x25bcb
 .debug_macro   0x00000000      0x2f2 ./Core/Src/NRF24.o
 .debug_macro   0x000002f2      0xad8 ./Core/Src/NRF24.o
 .debug_macro   0x00000dca       0x22 ./Core/Src/NRF24.o
 .debug_macro   0x00000dec       0x8e ./Core/Src/NRF24.o
 .debug_macro   0x00000e7a       0x51 ./Core/Src/NRF24.o
 .debug_macro   0x00000ecb      0x103 ./Core/Src/NRF24.o
 .debug_macro   0x00000fce       0x6a ./Core/Src/NRF24.o
 .debug_macro   0x00001038      0x1df ./Core/Src/NRF24.o
 .debug_macro   0x00001217      0x190 ./Core/Src/NRF24.o
 .debug_macro   0x000013a7       0x40 ./Core/Src/NRF24.o
 .debug_macro   0x000013e7       0x61 ./Core/Src/NRF24.o
 .debug_macro   0x00001448       0x2a ./Core/Src/NRF24.o
 .debug_macro   0x00001472       0x43 ./Core/Src/NRF24.o
 .debug_macro   0x000014b5       0x34 ./Core/Src/NRF24.o
 .debug_macro   0x000014e9       0x16 ./Core/Src/NRF24.o
 .debug_macro   0x000014ff       0x3c ./Core/Src/NRF24.o
 .debug_macro   0x0000153b      0x370 ./Core/Src/NRF24.o
 .debug_macro   0x000018ab       0x10 ./Core/Src/NRF24.o
 .debug_macro   0x000018bb       0x16 ./Core/Src/NRF24.o
 .debug_macro   0x000018d1       0x4a ./Core/Src/NRF24.o
 .debug_macro   0x0000191b       0x34 ./Core/Src/NRF24.o
 .debug_macro   0x0000194f       0x10 ./Core/Src/NRF24.o
 .debug_macro   0x0000195f       0x58 ./Core/Src/NRF24.o
 .debug_macro   0x000019b7       0x8e ./Core/Src/NRF24.o
 .debug_macro   0x00001a45       0x1c ./Core/Src/NRF24.o
 .debug_macro   0x00001a61      0x185 ./Core/Src/NRF24.o
 .debug_macro   0x00001be6       0x16 ./Core/Src/NRF24.o
 .debug_macro   0x00001bfc       0x16 ./Core/Src/NRF24.o
 .debug_macro   0x00001c12      0x146 ./Core/Src/NRF24.o
 .debug_macro   0x00001d58      0x2a7 ./Core/Src/NRF24.o
 .debug_macro   0x00001fff       0x2e ./Core/Src/NRF24.o
 .debug_macro   0x0000202d       0x28 ./Core/Src/NRF24.o
 .debug_macro   0x00002055       0x1c ./Core/Src/NRF24.o
 .debug_macro   0x00002071       0x22 ./Core/Src/NRF24.o
 .debug_macro   0x00002093       0xfb ./Core/Src/NRF24.o
 .debug_macro   0x0000218e     0x1011 ./Core/Src/NRF24.o
 .debug_macro   0x0000319f      0x11f ./Core/Src/NRF24.o
 .debug_macro   0x000032be    0x1863b ./Core/Src/NRF24.o
 .debug_macro   0x0001b8f9       0x6d ./Core/Src/NRF24.o
 .debug_macro   0x0001b966     0x370a ./Core/Src/NRF24.o
 .debug_macro   0x0001f070       0x56 ./Core/Src/NRF24.o
 .debug_macro   0x0001f0c6      0xd2a ./Core/Src/NRF24.o
 .debug_macro   0x0001fdf0      0x9e9 ./Core/Src/NRF24.o
 .debug_macro   0x000207d9      0x115 ./Core/Src/NRF24.o
 .debug_macro   0x000208ee      0x156 ./Core/Src/NRF24.o
 .debug_macro   0x00020a44       0xa5 ./Core/Src/NRF24.o
 .debug_macro   0x00020ae9      0x182 ./Core/Src/NRF24.o
 .debug_macro   0x00020c6b      0x287 ./Core/Src/NRF24.o
 .debug_macro   0x00020ef2       0x5f ./Core/Src/NRF24.o
 .debug_macro   0x00020f51      0x236 ./Core/Src/NRF24.o
 .debug_macro   0x00021187      0x132 ./Core/Src/NRF24.o
 .debug_macro   0x000212b9      0x41d ./Core/Src/NRF24.o
 .debug_macro   0x000216d6       0x2e ./Core/Src/NRF24.o
 .debug_macro   0x00021704      0x1b5 ./Core/Src/NRF24.o
 .debug_macro   0x000218b9       0x22 ./Core/Src/NRF24.o
 .debug_macro   0x000218db       0xd6 ./Core/Src/NRF24.o
 .debug_macro   0x000219b1      0x127 ./Core/Src/NRF24.o
 .debug_macro   0x00021ad8       0xe2 ./Core/Src/NRF24.o
 .debug_macro   0x00021bba       0x89 ./Core/Src/NRF24.o
 .debug_macro   0x00021c43      0x225 ./Core/Src/NRF24.o
 .debug_macro   0x00021e68      0x8ed ./Core/Src/NRF24.o
 .debug_macro   0x00022755       0x4d ./Core/Src/NRF24.o
 .debug_macro   0x000227a2      0x2aa ./Core/Src/NRF24.o
 .debug_macro   0x00022a4c      0x134 ./Core/Src/NRF24.o
 .debug_macro   0x00022b80       0x2e ./Core/Src/NRF24.o
 .debug_macro   0x00022bae      0x232 ./Core/Src/NRF24.o
 .debug_macro   0x00022de0      0x20a ./Core/Src/gpio.o
 .debug_macro   0x00022fea       0x5c ./Core/Src/gpio.o
 .debug_macro   0x00023046       0x28 ./Core/Src/gpio.o
 .debug_macro   0x0002306e      0x20a ./Core/Src/i2c.o
 .debug_macro   0x00023278      0x372 ./Core/Src/lcd16x2_i2c.o
 .debug_macro   0x000235ea       0x22 ./Core/Src/lcd16x2_i2c.o
 .debug_macro   0x0002360c       0x16 ./Core/Src/lcd16x2_i2c.o
 .debug_macro   0x00023622       0x20 ./Core/Src/lcd16x2_i2c.o
 .debug_macro   0x00023642       0x4c ./Core/Src/lcd16x2_i2c.o
 .debug_macro   0x0002368e      0x376 ./Core/Src/main.o
 .debug_macro   0x00023a04      0x20a ./Core/Src/spi.o
 .debug_macro   0x00023c0e      0x200 ./Core/Src/stm32f4xx_hal_msp.o
 .debug_macro   0x00023e0e      0x20a ./Core/Src/stm32f4xx_it.o
 .debug_macro   0x00024018      0x112 ./Core/Src/sysmem.o
 .debug_macro   0x0002412a      0x23c ./Core/Src/sysmem.o
 .debug_macro   0x00024366      0x1f1 ./Core/Src/system_stm32f4xx.o
 .debug_macro   0x00024557      0x20a ./Core/Src/tim.o
 .debug_macro   0x00024761      0x251 ./Drivers/STM32F4xx_HAL_Driver/Src/stm32f4xx_hal.o
 .debug_macro   0x000249b2      0x1f1 ./Drivers/STM32F4xx_HAL_Driver/Src/stm32f4xx_hal_cortex.o
 .debug_macro   0x00024ba3      0x1f7 ./Drivers/STM32F4xx_HAL_Driver/Src/stm32f4xx_hal_gpio.o
 .debug_macro   0x00024d9a      0x23f ./Drivers/STM32F4xx_HAL_Driver/Src/stm32f4xx_hal_i2c.o
 .debug_macro   0x00024fd9      0x1f1 ./Drivers/STM32F4xx_HAL_Driver/Src/stm32f4xx_hal_i2c_ex.o
 .debug_macro   0x000251ca      0x209 ./Drivers/STM32F4xx_HAL_Driver/Src/stm32f4xx_hal_pwr_ex.o
 .debug_macro   0x000253d3      0x215 ./Drivers/STM32F4xx_HAL_Driver/Src/stm32f4xx_hal_rcc.o
 .debug_macro   0x000255e8      0x200 ./Drivers/STM32F4xx_HAL_Driver/Src/stm32f4xx_hal_spi.o
 .debug_macro   0x000257e8      0x1f2 ./Drivers/STM32F4xx_HAL_Driver/Src/stm32f4xx_hal_tim.o
 .debug_macro   0x000259da      0x1f1 ./Drivers/STM32F4xx_HAL_Driver/Src/stm32f4xx_hal_tim_ex.o

.debug_line     0x00000000    0x1540b
 .debug_line    0x00000000     0x10eb ./Core/Src/NRF24.o
 .debug_line    0x000010eb      0x7b7 ./Core/Src/gpio.o
 .debug_line    0x000018a2      0x823 ./Core/Src/i2c.o
 .debug_line    0x000020c5      0xb96 ./Core/Src/lcd16x2_i2c.o
 .debug_line    0x00002c5b      0xa6c ./Core/Src/main.o
 .debug_line    0x000036c7      0x810 ./Core/Src/spi.o
 .debug_line    0x00003ed7      0x79a ./Core/Src/stm32f4xx_hal_msp.o
 .debug_line    0x00004671      0x849 ./Core/Src/stm32f4xx_it.o
 .debug_line    0x00004eba      0x597 ./Core/Src/sysmem.o
 .debug_line    0x00005451      0x810 ./Core/Src/system_stm32f4xx.o
 .debug_line    0x00005c61      0x812 ./Core/Src/tim.o
 .debug_line    0x00006473       0x7a ./Core/Startup/startup_stm32f439zitx.o
 .debug_line    0x000064ed      0xac2 ./Drivers/STM32F4xx_HAL_Driver/Src/stm32f4xx_hal.o
 .debug_line    0x00006faf      0xd5c ./Drivers/STM32F4xx_HAL_Driver/Src/stm32f4xx_hal_cortex.o
 .debug_line    0x00007d0b      0xc0c ./Drivers/STM32F4xx_HAL_Driver/Src/stm32f4xx_hal_gpio.o
 .debug_line    0x00008917     0x3b39 ./Drivers/STM32F4xx_HAL_Driver/Src/stm32f4xx_hal_i2c.o
 .debug_line    0x0000c450      0x815 ./Drivers/STM32F4xx_HAL_Driver/Src/stm32f4xx_hal_i2c_ex.o
 .debug_line    0x0000cc65      0x9f9 ./Drivers/STM32F4xx_HAL_Driver/Src/stm32f4xx_hal_pwr_ex.o
 .debug_line    0x0000d65e      0xe99 ./Drivers/STM32F4xx_HAL_Driver/Src/stm32f4xx_hal_rcc.o
 .debug_line    0x0000e4f7     0x1d27 ./Drivers/STM32F4xx_HAL_Driver/Src/stm32f4xx_hal_spi.o
 .debug_line    0x0001021e     0x3801 ./Drivers/STM32F4xx_HAL_Driver/Src/stm32f4xx_hal_tim.o
 .debug_line    0x00013a1f     0x19ec ./Drivers/STM32F4xx_HAL_Driver/Src/stm32f4xx_hal_tim_ex.o

.debug_str      0x00000000    0xe11a1
 .debug_str     0x00000000    0xe11a1 ./Core/Src/NRF24.o
                              0xdcab7 (size before relaxing)
 .debug_str     0x000e11a1    0xd8347 ./Core/Src/gpio.o
 .debug_str     0x000e11a1    0xd88b6 ./Core/Src/i2c.o
 .debug_str     0x000e11a1    0xdc326 ./Core/Src/lcd16x2_i2c.o
 .debug_str     0x000e11a1    0xdccc0 ./Core/Src/main.o
 .debug_str     0x000e11a1    0xd87d3 ./Core/Src/spi.o
 .debug_str     0x000e11a1    0xd827c ./Core/Src/stm32f4xx_hal_msp.o
 .debug_str     0x000e11a1    0xd81ef ./Core/Src/stm32f4xx_it.o
 .debug_str     0x000e11a1     0x7777 ./Core/Src/sysmem.o
 .debug_str     0x000e11a1    0xd8298 ./Core/Src/system_stm32f4xx.o
 .debug_str     0x000e11a1    0xd891d ./Core/Src/tim.o
 .debug_str     0x000e11a1       0x89 ./Core/Startup/startup_stm32f439zitx.o
 .debug_str     0x000e11a1    0xd8ec5 ./Drivers/STM32F4xx_HAL_Driver/Src/stm32f4xx_hal.o
 .debug_str     0x000e11a1    0xd8bf3 ./Drivers/STM32F4xx_HAL_Driver/Src/stm32f4xx_hal_cortex.o
 .debug_str     0x000e11a1    0xd8413 ./Drivers/STM32F4xx_HAL_Driver/Src/stm32f4xx_hal_gpio.o
 .debug_str     0x000e11a1    0xd92a8 ./Drivers/STM32F4xx_HAL_Driver/Src/stm32f4xx_hal_i2c.o
 .debug_str     0x000e11a1    0xd8667 ./Drivers/STM32F4xx_HAL_Driver/Src/stm32f4xx_hal_i2c_ex.o
 .debug_str     0x000e11a1    0xd8470 ./Drivers/STM32F4xx_HAL_Driver/Src/stm32f4xx_hal_pwr_ex.o
 .debug_str     0x000e11a1    0xd86cc ./Drivers/STM32F4xx_HAL_Driver/Src/stm32f4xx_hal_rcc.o
 .debug_str     0x000e11a1    0xd8b43 ./Drivers/STM32F4xx_HAL_Driver/Src/stm32f4xx_hal_spi.o
 .debug_str     0x000e11a1    0xd960f ./Drivers/STM32F4xx_HAL_Driver/Src/stm32f4xx_hal_tim.o
 .debug_str     0x000e11a1    0xd8e1b ./Drivers/STM32F4xx_HAL_Driver/Src/stm32f4xx_hal_tim_ex.o

.comment        0x00000000       0x43
 .comment       0x00000000       0x43 ./Core/Src/NRF24.o
                                 0x44 (size before relaxing)
 .comment       0x00000043       0x44 ./Core/Src/gpio.o
 .comment       0x00000043       0x44 ./Core/Src/i2c.o
 .comment       0x00000043       0x44 ./Core/Src/lcd16x2_i2c.o
 .comment       0x00000043       0x44 ./Core/Src/main.o
 .comment       0x00000043       0x44 ./Core/Src/spi.o
 .comment       0x00000043       0x44 ./Core/Src/stm32f4xx_hal_msp.o
 .comment       0x00000043       0x44 ./Core/Src/stm32f4xx_it.o
 .comment       0x00000043       0x44 ./Core/Src/sysmem.o
 .comment       0x00000043       0x44 ./Core/Src/system_stm32f4xx.o
 .comment       0x00000043       0x44 ./Core/Src/tim.o
 .comment       0x00000043       0x44 ./Drivers/STM32F4xx_HAL_Driver/Src/stm32f4xx_hal.o
 .comment       0x00000043       0x44 ./Drivers/STM32F4xx_HAL_Driver/Src/stm32f4xx_hal_cortex.o
 .comment       0x00000043       0x44 ./Drivers/STM32F4xx_HAL_Driver/Src/stm32f4xx_hal_gpio.o
 .comment       0x00000043       0x44 ./Drivers/STM32F4xx_HAL_Driver/Src/stm32f4xx_hal_i2c.o
 .comment       0x00000043       0x44 ./Drivers/STM32F4xx_HAL_Driver/Src/stm32f4xx_hal_i2c_ex.o
 .comment       0x00000043       0x44 ./Drivers/STM32F4xx_HAL_Driver/Src/stm32f4xx_hal_pwr_ex.o
 .comment       0x00000043       0x44 ./Drivers/STM32F4xx_HAL_Driver/Src/stm32f4xx_hal_rcc.o
 .comment       0x00000043       0x44 ./Drivers/STM32F4xx_HAL_Driver/Src/stm32f4xx_hal_spi.o
 .comment       0x00000043       0x44 ./Drivers/STM32F4xx_HAL_Driver/Src/stm32f4xx_hal_tim.o
 .comment       0x00000043       0x44 ./Drivers/STM32F4xx_HAL_Driver/Src/stm32f4xx_hal_tim_ex.o

.debug_frame    0x00000000     0x4d6c
 .debug_frame   0x00000000      0x724 ./Core/Src/NRF24.o
 .debug_frame   0x00000724       0x34 ./Core/Src/gpio.o
 .debug_frame   0x00000758       0x74 ./Core/Src/i2c.o
 .debug_frame   0x000007cc      0x1fc ./Core/Src/lcd16x2_i2c.o
 .debug_frame   0x000009c8       0x6c ./Core/Src/main.o
 .debug_frame   0x00000a34       0x74 ./Core/Src/spi.o
 .debug_frame   0x00000aa8       0x38 ./Core/Src/stm32f4xx_hal_msp.o
 .debug_frame   0x00000ae0      0x104 ./Core/Src/stm32f4xx_it.o
 .debug_frame   0x00000be4       0x34 ./Core/Src/sysmem.o
 .debug_frame   0x00000c18       0x58 ./Core/Src/system_stm32f4xx.o
 .debug_frame   0x00000c70       0x84 ./Core/Src/tim.o
 .debug_frame   0x00000cf4      0x3b4 ./Drivers/STM32F4xx_HAL_Driver/Src/stm32f4xx_hal.o
 .debug_frame   0x000010a8      0x508 ./Drivers/STM32F4xx_HAL_Driver/Src/stm32f4xx_hal_cortex.o
 .debug_frame   0x000015b0      0x14c ./Drivers/STM32F4xx_HAL_Driver/Src/stm32f4xx_hal_gpio.o
 .debug_frame   0x000016fc      0xc84 ./Drivers/STM32F4xx_HAL_Driver/Src/stm32f4xx_hal_i2c.o
 .debug_frame   0x00002380       0x60 ./Drivers/STM32F4xx_HAL_Driver/Src/stm32f4xx_hal_i2c_ex.o
 .debug_frame   0x000023e0      0x14c ./Drivers/STM32F4xx_HAL_Driver/Src/stm32f4xx_hal_pwr_ex.o
 .debug_frame   0x0000252c      0x1f4 ./Drivers/STM32F4xx_HAL_Driver/Src/stm32f4xx_hal_rcc.o
 .debug_frame   0x00002720      0x828 ./Drivers/STM32F4xx_HAL_Driver/Src/stm32f4xx_hal_spi.o
 .debug_frame   0x00002f48     0x11c0 ./Drivers/STM32F4xx_HAL_Driver/Src/stm32f4xx_hal_tim.o
 .debug_frame   0x00004108      0x638 ./Drivers/STM32F4xx_HAL_Driver/Src/stm32f4xx_hal_tim_ex.o
 .debug_frame   0x00004740      0x144 D:/Dekstop_B/6thsem/Embedded/STM32CubeIDE/plugins/com.st.stm32cube.ide.mcu.externaltools.gnu-tools-for-stm32.13.3.rel1.win32_1.0.0.202411081344/tools/bin/../lib/gcc/arm-none-eabi/13.3.1/../../../../arm-none-eabi/lib/thumb/v7e-m+fp/hard\libc_nano.a(libc_a-findfp.o)
 .debug_frame   0x00004884       0x74 D:/Dekstop_B/6thsem/Embedded/STM32CubeIDE/plugins/com.st.stm32cube.ide.mcu.externaltools.gnu-tools-for-stm32.13.3.rel1.win32_1.0.0.202411081344/tools/bin/../lib/gcc/arm-none-eabi/13.3.1/../../../../arm-none-eabi/lib/thumb/v7e-m+fp/hard\libc_nano.a(libc_a-sprintf.o)
 .debug_frame   0x000048f8       0x40 D:/Dekstop_B/6thsem/Embedded/STM32CubeIDE/plugins/com.st.stm32cube.ide.mcu.externaltools.gnu-tools-for-stm32.13.3.rel1.win32_1.0.0.202411081344/tools/bin/../lib/gcc/arm-none-eabi/13.3.1/../../../../arm-none-eabi/lib/thumb/v7e-m+fp/hard\libc_nano.a(libc_a-vsprintf.o)
 .debug_frame   0x00004938       0x20 D:/Dekstop_B/6thsem/Embedded/STM32CubeIDE/plugins/com.st.stm32cube.ide.mcu.externaltools.gnu-tools-for-stm32.13.3.rel1.win32_1.0.0.202411081344/tools/bin/../lib/gcc/arm-none-eabi/13.3.1/../../../../arm-none-eabi/lib/thumb/v7e-m+fp/hard\libc_nano.a(libc_a-memset.o)
 .debug_frame   0x00004958       0x38 D:/Dekstop_B/6thsem/Embedded/STM32CubeIDE/plugins/com.st.stm32cube.ide.mcu.externaltools.gnu-tools-for-stm32.13.3.rel1.win32_1.0.0.202411081344/tools/bin/../lib/gcc/arm-none-eabi/13.3.1/../../../../arm-none-eabi/lib/thumb/v7e-m+fp/hard\libc_nano.a(libc_a-reent.o)
 .debug_frame   0x00004990       0x20 D:/Dekstop_B/6thsem/Embedded/STM32CubeIDE/plugins/com.st.stm32cube.ide.mcu.externaltools.gnu-tools-for-stm32.13.3.rel1.win32_1.0.0.202411081344/tools/bin/../lib/gcc/arm-none-eabi/13.3.1/../../../../arm-none-eabi/lib/thumb/v7e-m+fp/hard\libc_nano.a(libc_a-errno.o)
 .debug_frame   0x000049b0       0x2c D:/Dekstop_B/6thsem/Embedded/STM32CubeIDE/plugins/com.st.stm32cube.ide.mcu.externaltools.gnu-tools-for-stm32.13.3.rel1.win32_1.0.0.202411081344/tools/bin/../lib/gcc/arm-none-eabi/13.3.1/../../../../arm-none-eabi/lib/thumb/v7e-m+fp/hard\libc_nano.a(libc_a-init.o)
 .debug_frame   0x000049dc       0xb0 D:/Dekstop_B/6thsem/Embedded/STM32CubeIDE/plugins/com.st.stm32cube.ide.mcu.externaltools.gnu-tools-for-stm32.13.3.rel1.win32_1.0.0.202411081344/tools/bin/../lib/gcc/arm-none-eabi/13.3.1/../../../../arm-none-eabi/lib/thumb/v7e-m+fp/hard\libc_nano.a(libc_a-lock.o)
 .debug_frame   0x00004a8c       0x38 D:/Dekstop_B/6thsem/Embedded/STM32CubeIDE/plugins/com.st.stm32cube.ide.mcu.externaltools.gnu-tools-for-stm32.13.3.rel1.win32_1.0.0.202411081344/tools/bin/../lib/gcc/arm-none-eabi/13.3.1/../../../../arm-none-eabi/lib/thumb/v7e-m+fp/hard\libc_nano.a(libc_a-freer.o)
 .debug_frame   0x00004ac4       0x50 D:/Dekstop_B/6thsem/Embedded/STM32CubeIDE/plugins/com.st.stm32cube.ide.mcu.externaltools.gnu-tools-for-stm32.13.3.rel1.win32_1.0.0.202411081344/tools/bin/../lib/gcc/arm-none-eabi/13.3.1/../../../../arm-none-eabi/lib/thumb/v7e-m+fp/hard\libc_nano.a(libc_a-mallocr.o)
 .debug_frame   0x00004b14       0x30 D:/Dekstop_B/6thsem/Embedded/STM32CubeIDE/plugins/com.st.stm32cube.ide.mcu.externaltools.gnu-tools-for-stm32.13.3.rel1.win32_1.0.0.202411081344/tools/bin/../lib/gcc/arm-none-eabi/13.3.1/../../../../arm-none-eabi/lib/thumb/v7e-m+fp/hard\libc_nano.a(libc_a-mlock.o)
 .debug_frame   0x00004b44       0x90 D:/Dekstop_B/6thsem/Embedded/STM32CubeIDE/plugins/com.st.stm32cube.ide.mcu.externaltools.gnu-tools-for-stm32.13.3.rel1.win32_1.0.0.202411081344/tools/bin/../lib/gcc/arm-none-eabi/13.3.1/../../../../arm-none-eabi/lib/thumb/v7e-m+fp/hard\libc_nano.a(libc_a-nano-svfprintf.o)
 .debug_frame   0x00004bd4       0x60 D:/Dekstop_B/6thsem/Embedded/STM32CubeIDE/plugins/com.st.stm32cube.ide.mcu.externaltools.gnu-tools-for-stm32.13.3.rel1.win32_1.0.0.202411081344/tools/bin/../lib/gcc/arm-none-eabi/13.3.1/../../../../arm-none-eabi/lib/thumb/v7e-m+fp/hard\libc_nano.a(libc_a-nano-vfprintf_i.o)
 .debug_frame   0x00004c34       0x28 D:/Dekstop_B/6thsem/Embedded/STM32CubeIDE/plugins/com.st.stm32cube.ide.mcu.externaltools.gnu-tools-for-stm32.13.3.rel1.win32_1.0.0.202411081344/tools/bin/../lib/gcc/arm-none-eabi/13.3.1/../../../../arm-none-eabi/lib/thumb/v7e-m+fp/hard\libc_nano.a(libc_a-memmove.o)
 .debug_frame   0x00004c5c       0x2c D:/Dekstop_B/6thsem/Embedded/STM32CubeIDE/plugins/com.st.stm32cube.ide.mcu.externaltools.gnu-tools-for-stm32.13.3.rel1.win32_1.0.0.202411081344/tools/bin/../lib/gcc/arm-none-eabi/13.3.1/../../../../arm-none-eabi/lib/thumb/v7e-m+fp/hard\libc_nano.a(libc_a-sbrkr.o)
 .debug_frame   0x00004c88       0x28 D:/Dekstop_B/6thsem/Embedded/STM32CubeIDE/plugins/com.st.stm32cube.ide.mcu.externaltools.gnu-tools-for-stm32.13.3.rel1.win32_1.0.0.202411081344/tools/bin/../lib/gcc/arm-none-eabi/13.3.1/../../../../arm-none-eabi/lib/thumb/v7e-m+fp/hard\libc_nano.a(libc_a-memcpy-stub.o)
 .debug_frame   0x00004cb0       0x3c D:/Dekstop_B/6thsem/Embedded/STM32CubeIDE/plugins/com.st.stm32cube.ide.mcu.externaltools.gnu-tools-for-stm32.13.3.rel1.win32_1.0.0.202411081344/tools/bin/../lib/gcc/arm-none-eabi/13.3.1/../../../../arm-none-eabi/lib/thumb/v7e-m+fp/hard\libc_nano.a(libc_a-reallocr.o)
 .debug_frame   0x00004cec       0x20 D:/Dekstop_B/6thsem/Embedded/STM32CubeIDE/plugins/com.st.stm32cube.ide.mcu.externaltools.gnu-tools-for-stm32.13.3.rel1.win32_1.0.0.202411081344/tools/bin/../lib/gcc/arm-none-eabi/13.3.1/../../../../arm-none-eabi/lib/thumb/v7e-m+fp/hard\libc_nano.a(libc_a-msizer.o)
 .debug_frame   0x00004d0c       0x2c D:/Dekstop_B/6thsem/Embedded/STM32CubeIDE/plugins/com.st.stm32cube.ide.mcu.externaltools.gnu-tools-for-stm32.13.3.rel1.win32_1.0.0.202411081344/tools/bin/../lib/gcc/arm-none-eabi/13.3.1/thumb/v7e-m+fp/hard\libgcc.a(_aeabi_uldivmod.o)
 .debug_frame   0x00004d38       0x34 D:/Dekstop_B/6thsem/Embedded/STM32CubeIDE/plugins/com.st.stm32cube.ide.mcu.externaltools.gnu-tools-for-stm32.13.3.rel1.win32_1.0.0.202411081344/tools/bin/../lib/gcc/arm-none-eabi/13.3.1/thumb/v7e-m+fp/hard\libgcc.a(_udivmoddi4.o)

.debug_line_str
                0x00000000       0x6d
 .debug_line_str
                0x00000000       0x6d ./Core/Startup/startup_stm32f439zitx.o
