../Core/Src/lcd16x2_i2c.c:26:13:lcd16x2_i2c_sendCommand	32	static
../Core/Src/lcd16x2_i2c.c:38:13:lcd16x2_i2c_sendData	32	static
../Core/Src/lcd16x2_i2c.c:50:6:lcd16x2_i2c_init	16	static
../Core/Src/lcd16x2_i2c.c:70:6:lcd16x2_i2c_setCursor	24	static
../Core/Src/lcd16x2_i2c.c:77:6:lcd16x2_i2c_1stLine	8	static
../Core/Src/lcd16x2_i2c.c:78:6:lcd16x2_i2c_2ndLine	8	static
../Core/Src/lcd16x2_i2c.c:79:6:lcd16x2_i2c_TwoLines	8	static
../Core/Src/lcd16x2_i2c.c:80:6:lcd16x2_i2c_OneLine	8	static
../Core/Src/lcd16x2_i2c.c:81:6:lcd16x2_i2c_cursorShow	16	static
../Core/Src/lcd16x2_i2c.c:85:6:lcd16x2_i2c_clear	8	static
../Core/Src/lcd16x2_i2c.c:86:6:lcd16x2_i2c_display	16	static
../Core/Src/lcd16x2_i2c.c:90:6:lcd16x2_i2c_shiftRight	24	static
../Core/Src/lcd16x2_i2c.c:91:6:lcd16x2_i2c_shiftLeft	24	static
../Core/Src/lcd16x2_i2c.c:92:6:lcd16x2_i2c_printf	48	static
